13:37:47 **** Incremental Build of configuration Debug for project final_project ****
make all 
make: Nothing to be done for `all'.
13:37:50 **** Incremental Build of configuration Debug for project final_project ****
make all 
make: Nothing to be done for `all'.
13:39:03 **** Auto Build of configuration Debug for project final_project ****
make all 
'Building file: ../src/main.c'
'Invoking: MicroBlaze gcc compiler'
mb-gcc -Wall -O0 -g3 -c -fmessage-length=0 -MT"src/main.o" -I../../final_project_bsp/microblaze_0/include -mlittle-endian -mcpu=v10.0 -mxl-soft-mul -Wl,--no-relax -ffunction-sections -fdata-sections -MMD -MP -MF"src/main.d" -MT"src/main.o" -o "src/main.o" "../src/main.c"
In file included from ../src/qpn_port.h:38:0,
                 from ../src/main.c:6:
../../final_project_bsp/microblaze_0/include/xbasic_types.h:115:2: warning: #warning The xbasics_type.h file is deprecated and users should use xil_types.h and xil_assert. [-Wcpp]
 #warning  The xbasics_type.h file is deprecated and users should use xil_types.h and xil_assert.
  ^~~~~~~
../../final_project_bsp/microblaze_0/include/xbasic_types.h:116:2: warning: #warning Please refer the Standalone BSP UG647 for further details [-Wcpp]
 #warning  Please refer the Standalone BSP UG647 for further details
  ^~~~~~~
../src/main.c: In function 'drawCar':
../src/main.c:79:2: warning: implicit declaration of function 'drawVLine' [-Wimplicit-function-declaration]
  drawVLine(x, y+12, 5);
  ^~~~~~~~~
../src/main.c: In function 'drawCoin':
../src/main.c:100:7: warning: unused variable 'old_count2' [-Wunused-variable]
   int old_count2 = count;
       ^~~~~~~~~~
../src/main.c: In function 'waitForStart':
../src/main.c:199:3: warning: implicit declaration of function 'btn_disable' [-Wimplicit-function-declaration]
   btn_disable();
   ^~~~~~~~~~~
../src/main.c:205:3: warning: implicit declaration of function 'btn_enable' [-Wimplicit-function-declaration]
   btn_enable();
   ^~~~~~~~~~
'Finished building: ../src/main.c'
' '
'Building target: final_project.elf'
'Invoking: MicroBlaze gcc linker'
mb-gcc -Wl,-T -Wl,../src/lscript.ld -L../../final_project_bsp/microblaze_0/lib -mlittle-endian -mcpu=v10.0 -mxl-soft-mul -Wl,--no-relax -Wl,--gc-sections -o "final_project.elf"  ./src/bsp.o ./src/fonts.o ./src/lab2a.o ./src/lcd.o ./src/main.o ./src/platform.o ./src/qepn.o ./src/qfn.o ./src/qfn_init.o ./src/timeCount.o ./src/xgpio_intr_tapp_example.o ./src/xgpio_tapp_example.o ./src/xintc_tapp_example.o   -Wl,--start-group,-lxil,-lgcc,-lc,--end-group
'Finished building target: final_project.elf'
' '
'Invoking: MicroBlaze Print Size'
mb-size final_project.elf  |tee "final_project.elf.size"
   text	   data	    bss	    dec	    hex	filename
  32236	   4772	   2880	  39888	   9bd0	final_project.elf
'Finished building: final_project.elf.size'
' '
13:39:05 **** Incremental Build of configuration Debug for project final_project ****
make all 
make: Nothing to be done for `all'.
13:40:24 **** Auto Build of configuration Debug for project final_project ****
make all 
'Building file: ../src/main.c'
'Invoking: MicroBlaze gcc compiler'
mb-gcc -Wall -O0 -g3 -c -fmessage-length=0 -MT"src/main.o" -I../../final_project_bsp/microblaze_0/include -mlittle-endian -mcpu=v10.0 -mxl-soft-mul -Wl,--no-relax -ffunction-sections -fdata-sections -MMD -MP -MF"src/main.d" -MT"src/main.o" -o "src/main.o" "../src/main.c"
In file included from ../src/qpn_port.h:38:0,
                 from ../src/main.c:6:
../../final_project_bsp/microblaze_0/include/xbasic_types.h:115:2: warning: #warning The xbasics_type.h file is deprecated and users should use xil_types.h and xil_assert. [-Wcpp]
 #warning  The xbasics_type.h file is deprecated and users should use xil_types.h and xil_assert.
  ^~~~~~~
../../final_project_bsp/microblaze_0/include/xbasic_types.h:116:2: warning: #warning Please refer the Standalone BSP UG647 for further details [-Wcpp]
 #warning  Please refer the Standalone BSP UG647 for further details
  ^~~~~~~
../src/main.c: In function 'drawCar':
../src/main.c:79:2: warning: implicit declaration of function 'drawVLine' [-Wimplicit-function-declaration]
  drawVLine(x, y+12, 5);
  ^~~~~~~~~
../src/main.c: In function 'drawCoin':
../src/main.c:100:7: warning: unused variable 'old_count2' [-Wunused-variable]
   int old_count2 = count;
       ^~~~~~~~~~
../src/main.c: In function 'waitForStart':
../src/main.c:199:3: warning: implicit declaration of function 'btn_disable' [-Wimplicit-function-declaration]
   btn_disable();
   ^~~~~~~~~~~
../src/main.c:205:3: warning: implicit declaration of function 'btn_enable' [-Wimplicit-function-declaration]
   btn_enable();
   ^~~~~~~~~~
'Finished building: ../src/main.c'
' '
'Building target: final_project.elf'
'Invoking: MicroBlaze gcc linker'
mb-gcc -Wl,-T -Wl,../src/lscript.ld -L../../final_project_bsp/microblaze_0/lib -mlittle-endian -mcpu=v10.0 -mxl-soft-mul -Wl,--no-relax -Wl,--gc-sections -o "final_project.elf"  ./src/bsp.o ./src/fonts.o ./src/lab2a.o ./src/lcd.o ./src/main.o ./src/platform.o ./src/qepn.o ./src/qfn.o ./src/qfn_init.o ./src/timeCount.o ./src/xgpio_intr_tapp_example.o ./src/xgpio_tapp_example.o ./src/xintc_tapp_example.o   -Wl,--start-group,-lxil,-lgcc,-lc,--end-group
'Finished building target: final_project.elf'
' '
'Invoking: MicroBlaze Print Size'
mb-size final_project.elf  |tee "final_project.elf.size"
   text	   data	    bss	    dec	    hex	filename
  32928	   4772	   2876	  40576	   9e80	final_project.elf
'Finished building: final_project.elf.size'
' '
13:40:25 **** Incremental Build of configuration Debug for project final_project ****
make all 
make: Nothing to be done for `all'.
13:40:55 **** Auto Build of configuration Debug for project final_project ****
make all 
'Building file: ../src/main.c'
'Invoking: MicroBlaze gcc compiler'
mb-gcc -Wall -O0 -g3 -c -fmessage-length=0 -MT"src/main.o" -I../../final_project_bsp/microblaze_0/include -mlittle-endian -mcpu=v10.0 -mxl-soft-mul -Wl,--no-relax -ffunction-sections -fdata-sections -MMD -MP -MF"src/main.d" -MT"src/main.o" -o "src/main.o" "../src/main.c"
In file included from ../src/qpn_port.h:38:0,
                 from ../src/main.c:6:
../../final_project_bsp/microblaze_0/include/xbasic_types.h:115:2: warning: #warning The xbasics_type.h file is deprecated and users should use xil_types.h and xil_assert. [-Wcpp]
 #warning  The xbasics_type.h file is deprecated and users should use xil_types.h and xil_assert.
  ^~~~~~~
../../final_project_bsp/microblaze_0/include/xbasic_types.h:116:2: warning: #warning Please refer the Standalone BSP UG647 for further details [-Wcpp]
 #warning  Please refer the Standalone BSP UG647 for further details
  ^~~~~~~
../src/main.c: In function 'drawCar':
../src/main.c:79:2: warning: implicit declaration of function 'drawVLine' [-Wimplicit-function-declaration]
  drawVLine(x, y+12, 5);
  ^~~~~~~~~
../src/main.c: In function 'drawCoin':
../src/main.c:100:7: warning: unused variable 'old_count2' [-Wunused-variable]
   int old_count2 = count;
       ^~~~~~~~~~
../src/main.c: In function 'waitForStart':
../src/main.c:199:3: warning: implicit declaration of function 'btn_disable' [-Wimplicit-function-declaration]
   btn_disable();
   ^~~~~~~~~~~
../src/main.c:205:3: warning: implicit declaration of function 'btn_enable' [-Wimplicit-function-declaration]
   btn_enable();
   ^~~~~~~~~~
'Finished building: ../src/main.c'
' '
'Building target: final_project.elf'
'Invoking: MicroBlaze gcc linker'
mb-gcc -Wl,-T -Wl,../src/lscript.ld -L../../final_project_bsp/microblaze_0/lib -mlittle-endian -mcpu=v10.0 -mxl-soft-mul -Wl,--no-relax -Wl,--gc-sections -o "final_project.elf"  ./src/bsp.o ./src/fonts.o ./src/lab2a.o ./src/lcd.o ./src/main.o ./src/platform.o ./src/qepn.o ./src/qfn.o ./src/qfn_init.o ./src/timeCount.o ./src/xgpio_intr_tapp_example.o ./src/xgpio_tapp_example.o ./src/xintc_tapp_example.o   -Wl,--start-group,-lxil,-lgcc,-lc,--end-group
'Finished building target: final_project.elf'
' '
'Invoking: MicroBlaze Print Size'
mb-size final_project.elf  |tee "final_project.elf.size"
   text	   data	    bss	    dec	    hex	filename
  33432	   4772	   2876	  41080	   a078	final_project.elf
'Finished building: final_project.elf.size'
' '
13:41:38 **** Auto Build of configuration Debug for project final_project ****
make all 
'Building file: ../src/main.c'
'Invoking: MicroBlaze gcc compiler'
mb-gcc -Wall -O0 -g3 -c -fmessage-length=0 -MT"src/main.o" -I../../final_project_bsp/microblaze_0/include -mlittle-endian -mcpu=v10.0 -mxl-soft-mul -Wl,--no-relax -ffunction-sections -fdata-sections -MMD -MP -MF"src/main.d" -MT"src/main.o" -o "src/main.o" "../src/main.c"
In file included from ../src/qpn_port.h:38:0,
                 from ../src/main.c:6:
../../final_project_bsp/microblaze_0/include/xbasic_types.h:115:2: warning: #warning The xbasics_type.h file is deprecated and users should use xil_types.h and xil_assert. [-Wcpp]
 #warning  The xbasics_type.h file is deprecated and users should use xil_types.h and xil_assert.
  ^~~~~~~
../../final_project_bsp/microblaze_0/include/xbasic_types.h:116:2: warning: #warning Please refer the Standalone BSP UG647 for further details [-Wcpp]
 #warning  Please refer the Standalone BSP UG647 for further details
  ^~~~~~~
../src/main.c: In function 'drawCar':
../src/main.c:79:2: warning: implicit declaration of function 'drawVLine' [-Wimplicit-function-declaration]
  drawVLine(x, y+12, 5);
  ^~~~~~~~~
../src/main.c: In function 'drawCoin':
../src/main.c:100:7: warning: unused variable 'old_count2' [-Wunused-variable]
   int old_count2 = count;
       ^~~~~~~~~~
../src/main.c: In function 'waitForStart':
../src/main.c:199:3: warning: implicit declaration of function 'btn_disable' [-Wimplicit-function-declaration]
   btn_disable();
   ^~~~~~~~~~~
../src/main.c:205:3: warning: implicit declaration of function 'btn_enable' [-Wimplicit-function-declaration]
   btn_enable();
   ^~~~~~~~~~
'Finished building: ../src/main.c'
' '
'Building target: final_project.elf'
'Invoking: MicroBlaze gcc linker'
mb-gcc -Wl,-T -Wl,../src/lscript.ld -L../../final_project_bsp/microblaze_0/lib -mlittle-endian -mcpu=v10.0 -mxl-soft-mul -Wl,--no-relax -Wl,--gc-sections -o "final_project.elf"  ./src/bsp.o ./src/fonts.o ./src/lab2a.o ./src/lcd.o ./src/main.o ./src/platform.o ./src/qepn.o ./src/qfn.o ./src/qfn_init.o ./src/timeCount.o ./src/xgpio_intr_tapp_example.o ./src/xgpio_tapp_example.o ./src/xintc_tapp_example.o   -Wl,--start-group,-lxil,-lgcc,-lc,--end-group
'Finished building target: final_project.elf'
' '
'Invoking: MicroBlaze Print Size'
mb-size final_project.elf  |tee "final_project.elf.size"
   text	   data	    bss	    dec	    hex	filename
  33452	   4772	   2880	  41104	   a090	final_project.elf
'Finished building: final_project.elf.size'
' '
13:41:41 **** Incremental Build of configuration Debug for project final_project ****
make all 
make: Nothing to be done for `all'.
13:43:13 **** Auto Build of configuration Debug for project final_project ****
make all 
'Building file: ../src/main.c'
'Invoking: MicroBlaze gcc compiler'
mb-gcc -Wall -O0 -g3 -c -fmessage-length=0 -MT"src/main.o" -I../../final_project_bsp/microblaze_0/include -mlittle-endian -mcpu=v10.0 -mxl-soft-mul -Wl,--no-relax -ffunction-sections -fdata-sections -MMD -MP -MF"src/main.d" -MT"src/main.o" -o "src/main.o" "../src/main.c"
In file included from ../src/qpn_port.h:38:0,
                 from ../src/main.c:6:
../../final_project_bsp/microblaze_0/include/xbasic_types.h:115:2: warning: #warning The xbasics_type.h file is deprecated and users should use xil_types.h and xil_assert. [-Wcpp]
 #warning  The xbasics_type.h file is deprecated and users should use xil_types.h and xil_assert.
  ^~~~~~~
../../final_project_bsp/microblaze_0/include/xbasic_types.h:116:2: warning: #warning Please refer the Standalone BSP UG647 for further details [-Wcpp]
 #warning  Please refer the Standalone BSP UG647 for further details
  ^~~~~~~
../src/main.c: In function 'drawCar':
../src/main.c:79:2: warning: implicit declaration of function 'drawVLine' [-Wimplicit-function-declaration]
  drawVLine(x, y+12, 5);
  ^~~~~~~~~
../src/main.c: In function 'drawCoin':
../src/main.c:100:7: warning: unused variable 'old_count2' [-Wunused-variable]
   int old_count2 = count;
       ^~~~~~~~~~
../src/main.c: In function 'waitForStart':
../src/main.c:199:3: warning: implicit declaration of function 'btn_disable' [-Wimplicit-function-declaration]
   btn_disable();
   ^~~~~~~~~~~
../src/main.c:205:3: warning: implicit declaration of function 'btn_enable' [-Wimplicit-function-declaration]
   btn_enable();
   ^~~~~~~~~~
'Finished building: ../src/main.c'
' '
'Building target: final_project.elf'
'Invoking: MicroBlaze gcc linker'
mb-gcc -Wl,-T -Wl,../src/lscript.ld -L../../final_project_bsp/microblaze_0/lib -mlittle-endian -mcpu=v10.0 -mxl-soft-mul -Wl,--no-relax -Wl,--gc-sections -o "final_project.elf"  ./src/bsp.o ./src/fonts.o ./src/lab2a.o ./src/lcd.o ./src/main.o ./src/platform.o ./src/qepn.o ./src/qfn.o ./src/qfn_init.o ./src/timeCount.o ./src/xgpio_intr_tapp_example.o ./src/xgpio_tapp_example.o ./src/xintc_tapp_example.o   -Wl,--start-group,-lxil,-lgcc,-lc,--end-group
'Finished building target: final_project.elf'
' '
'Invoking: MicroBlaze Print Size'
mb-size final_project.elf  |tee "final_project.elf.size"
   text	   data	    bss	    dec	    hex	filename
  33472	   4772	   2876	  41120	   a0a0	final_project.elf
'Finished building: final_project.elf.size'
' '
13:43:38 **** Auto Build of configuration Debug for project final_project ****
make all 
'Building file: ../src/main.c'
'Invoking: MicroBlaze gcc compiler'
mb-gcc -Wall -O0 -g3 -c -fmessage-length=0 -MT"src/main.o" -I../../final_project_bsp/microblaze_0/include -mlittle-endian -mcpu=v10.0 -mxl-soft-mul -Wl,--no-relax -ffunction-sections -fdata-sections -MMD -MP -MF"src/main.d" -MT"src/main.o" -o "src/main.o" "../src/main.c"
In file included from ../src/qpn_port.h:38:0,
                 from ../src/main.c:6:
../../final_project_bsp/microblaze_0/include/xbasic_types.h:115:2: warning: #warning The xbasics_type.h file is deprecated and users should use xil_types.h and xil_assert. [-Wcpp]
 #warning  The xbasics_type.h file is deprecated and users should use xil_types.h and xil_assert.
  ^~~~~~~
../../final_project_bsp/microblaze_0/include/xbasic_types.h:116:2: warning: #warning Please refer the Standalone BSP UG647 for further details [-Wcpp]
 #warning  Please refer the Standalone BSP UG647 for further details
  ^~~~~~~
../src/main.c: In function 'drawCar':
../src/main.c:79:2: warning: implicit declaration of function 'drawVLine' [-Wimplicit-function-declaration]
  drawVLine(x, y+12, 5);
  ^~~~~~~~~
../src/main.c: In function 'drawCoin':
../src/main.c:100:7: warning: unused variable 'old_count2' [-Wunused-variable]
   int old_count2 = count;
       ^~~~~~~~~~
../src/main.c: In function 'waitForStart':
../src/main.c:199:3: warning: implicit declaration of function 'btn_disable' [-Wimplicit-function-declaration]
   btn_disable();
   ^~~~~~~~~~~
../src/main.c:205:3: warning: implicit declaration of function 'btn_enable' [-Wimplicit-function-declaration]
   btn_enable();
   ^~~~~~~~~~
'Finished building: ../src/main.c'
' '
'Building target: final_project.elf'
'Invoking: MicroBlaze gcc linker'
mb-gcc -Wl,-T -Wl,../src/lscript.ld -L../../final_project_bsp/microblaze_0/lib -mlittle-endian -mcpu=v10.0 -mxl-soft-mul -Wl,--no-relax -Wl,--gc-sections -o "final_project.elf"  ./src/bsp.o ./src/fonts.o ./src/lab2a.o ./src/lcd.o ./src/main.o ./src/platform.o ./src/qepn.o ./src/qfn.o ./src/qfn_init.o ./src/timeCount.o ./src/xgpio_intr_tapp_example.o ./src/xgpio_tapp_example.o ./src/xintc_tapp_example.o   -Wl,--start-group,-lxil,-lgcc,-lc,--end-group
'Finished building target: final_project.elf'
' '
'Invoking: MicroBlaze Print Size'
mb-size final_project.elf  |tee "final_project.elf.size"
   text	   data	    bss	    dec	    hex	filename
  33472	   4772	   2876	  41120	   a0a0	final_project.elf
'Finished building: final_project.elf.size'
' '
13:43:39 **** Incremental Build of configuration Debug for project final_project ****
make all 
make: Nothing to be done for `all'.
13:43:54 **** Auto Build of configuration Debug for project final_project ****
make all 
'Building file: ../src/main.c'
'Invoking: MicroBlaze gcc compiler'
mb-gcc -Wall -O0 -g3 -c -fmessage-length=0 -MT"src/main.o" -I../../final_project_bsp/microblaze_0/include -mlittle-endian -mcpu=v10.0 -mxl-soft-mul -Wl,--no-relax -ffunction-sections -fdata-sections -MMD -MP -MF"src/main.d" -MT"src/main.o" -o "src/main.o" "../src/main.c"
In file included from ../src/qpn_port.h:38:0,
                 from ../src/main.c:6:
../../final_project_bsp/microblaze_0/include/xbasic_types.h:115:2: warning: #warning The xbasics_type.h file is deprecated and users should use xil_types.h and xil_assert. [-Wcpp]
 #warning  The xbasics_type.h file is deprecated and users should use xil_types.h and xil_assert.
  ^~~~~~~
../../final_project_bsp/microblaze_0/include/xbasic_types.h:116:2: warning: #warning Please refer the Standalone BSP UG647 for further details [-Wcpp]
 #warning  Please refer the Standalone BSP UG647 for further details
  ^~~~~~~
../src/main.c: In function 'drawCar':
../src/main.c:79:2: warning: implicit declaration of function 'drawVLine' [-Wimplicit-function-declaration]
  drawVLine(x, y+12, 5);
  ^~~~~~~~~
../src/main.c: In function 'drawCoin':
../src/main.c:100:7: warning: unused variable 'old_count2' [-Wunused-variable]
   int old_count2 = count;
       ^~~~~~~~~~
../src/main.c: In function 'waitForStart':
../src/main.c:199:3: warning: implicit declaration of function 'btn_disable' [-Wimplicit-function-declaration]
   btn_disable();
   ^~~~~~~~~~~
../src/main.c:205:3: warning: implicit declaration of function 'btn_enable' [-Wimplicit-function-declaration]
   btn_enable();
   ^~~~~~~~~~
'Finished building: ../src/main.c'
' '
'Building target: final_project.elf'
'Invoking: MicroBlaze gcc linker'
mb-gcc -Wl,-T -Wl,../src/lscript.ld -L../../final_project_bsp/microblaze_0/lib -mlittle-endian -mcpu=v10.0 -mxl-soft-mul -Wl,--no-relax -Wl,--gc-sections -o "final_project.elf"  ./src/bsp.o ./src/fonts.o ./src/lab2a.o ./src/lcd.o ./src/main.o ./src/platform.o ./src/qepn.o ./src/qfn.o ./src/qfn_init.o ./src/timeCount.o ./src/xgpio_intr_tapp_example.o ./src/xgpio_tapp_example.o ./src/xintc_tapp_example.o   -Wl,--start-group,-lxil,-lgcc,-lc,--end-group
'Finished building target: final_project.elf'
' '
'Invoking: MicroBlaze Print Size'
mb-size final_project.elf  |tee "final_project.elf.size"
   text	   data	    bss	    dec	    hex	filename
  33480	   4772	   2876	  41128	   a0a8	final_project.elf
'Finished building: final_project.elf.size'
' '
13:44:00 **** Auto Build of configuration Debug for project final_project ****
make all 
'Building file: ../src/main.c'
'Invoking: MicroBlaze gcc compiler'
mb-gcc -Wall -O0 -g3 -c -fmessage-length=0 -MT"src/main.o" -I../../final_project_bsp/microblaze_0/include -mlittle-endian -mcpu=v10.0 -mxl-soft-mul -Wl,--no-relax -ffunction-sections -fdata-sections -MMD -MP -MF"src/main.d" -MT"src/main.o" -o "src/main.o" "../src/main.c"
In file included from ../src/qpn_port.h:38:0,
                 from ../src/main.c:6:
../../final_project_bsp/microblaze_0/include/xbasic_types.h:115:2: warning: #warning The xbasics_type.h file is deprecated and users should use xil_types.h and xil_assert. [-Wcpp]
 #warning  The xbasics_type.h file is deprecated and users should use xil_types.h and xil_assert.
  ^~~~~~~
../../final_project_bsp/microblaze_0/include/xbasic_types.h:116:2: warning: #warning Please refer the Standalone BSP UG647 for further details [-Wcpp]
 #warning  Please refer the Standalone BSP UG647 for further details
  ^~~~~~~
../src/main.c: In function 'drawCar':
../src/main.c:79:2: warning: implicit declaration of function 'drawVLine' [-Wimplicit-function-declaration]
  drawVLine(x, y+12, 5);
  ^~~~~~~~~
../src/main.c: In function 'drawCoin':
../src/main.c:100:7: warning: unused variable 'old_count2' [-Wunused-variable]
   int old_count2 = count;
       ^~~~~~~~~~
../src/main.c: In function 'waitForStart':
../src/main.c:199:3: warning: implicit declaration of function 'btn_disable' [-Wimplicit-function-declaration]
   btn_disable();
   ^~~~~~~~~~~
../src/main.c:205:3: warning: implicit declaration of function 'btn_enable' [-Wimplicit-function-declaration]
   btn_enable();
   ^~~~~~~~~~
'Finished building: ../src/main.c'
' '
'Building target: final_project.elf'
'Invoking: MicroBlaze gcc linker'
mb-gcc -Wl,-T -Wl,../src/lscript.ld -L../../final_project_bsp/microblaze_0/lib -mlittle-endian -mcpu=v10.0 -mxl-soft-mul -Wl,--no-relax -Wl,--gc-sections -o "final_project.elf"  ./src/bsp.o ./src/fonts.o ./src/lab2a.o ./src/lcd.o ./src/main.o ./src/platform.o ./src/qepn.o ./src/qfn.o ./src/qfn_init.o ./src/timeCount.o ./src/xgpio_intr_tapp_example.o ./src/xgpio_tapp_example.o ./src/xintc_tapp_example.o   -Wl,--start-group,-lxil,-lgcc,-lc,--end-group
'Finished building target: final_project.elf'
' '
'Invoking: MicroBlaze Print Size'
mb-size final_project.elf  |tee "final_project.elf.size"
   text	   data	    bss	    dec	    hex	filename
  33488	   4772	   2876	  41136	   a0b0	final_project.elf
'Finished building: final_project.elf.size'
' '
13:44:01 **** Incremental Build of configuration Debug for project final_project ****
make all 
make: Nothing to be done for `all'.
13:45:02 **** Auto Build of configuration Debug for project final_project ****
make all 
'Building file: ../src/main.c'
'Invoking: MicroBlaze gcc compiler'
mb-gcc -Wall -O0 -g3 -c -fmessage-length=0 -MT"src/main.o" -I../../final_project_bsp/microblaze_0/include -mlittle-endian -mcpu=v10.0 -mxl-soft-mul -Wl,--no-relax -ffunction-sections -fdata-sections -MMD -MP -MF"src/main.d" -MT"src/main.o" -o "src/main.o" "../src/main.c"
In file included from ../src/qpn_port.h:38:0,
                 from ../src/main.c:6:
../../final_project_bsp/microblaze_0/include/xbasic_types.h:115:2: warning: #warning The xbasics_type.h file is deprecated and users should use xil_types.h and xil_assert. [-Wcpp]
 #warning  The xbasics_type.h file is deprecated and users should use xil_types.h and xil_assert.
  ^~~~~~~
../../final_project_bsp/microblaze_0/include/xbasic_types.h:116:2: warning: #warning Please refer the Standalone BSP UG647 for further details [-Wcpp]
 #warning  Please refer the Standalone BSP UG647 for further details
  ^~~~~~~
../src/main.c: In function 'drawCar':
../src/main.c:79:2: warning: implicit declaration of function 'drawVLine' [-Wimplicit-function-declaration]
  drawVLine(x, y+12, 5);
  ^~~~~~~~~
../src/main.c: In function 'drawCoin':
../src/main.c:100:7: warning: unused variable 'old_count2' [-Wunused-variable]
   int old_count2 = count;
       ^~~~~~~~~~
../src/main.c: In function 'waitForStart':
../src/main.c:199:3: warning: implicit declaration of function 'btn_disable' [-Wimplicit-function-declaration]
   btn_disable();
   ^~~~~~~~~~~
../src/main.c:205:3: warning: implicit declaration of function 'btn_enable' [-Wimplicit-function-declaration]
   btn_enable();
   ^~~~~~~~~~
'Finished building: ../src/main.c'
' '
'Building target: final_project.elf'
'Invoking: MicroBlaze gcc linker'
mb-gcc -Wl,-T -Wl,../src/lscript.ld -L../../final_project_bsp/microblaze_0/lib -mlittle-endian -mcpu=v10.0 -mxl-soft-mul -Wl,--no-relax -Wl,--gc-sections -o "final_project.elf"  ./src/bsp.o ./src/fonts.o ./src/lab2a.o ./src/lcd.o ./src/main.o ./src/platform.o ./src/qepn.o ./src/qfn.o ./src/qfn_init.o ./src/timeCount.o ./src/xgpio_intr_tapp_example.o ./src/xgpio_tapp_example.o ./src/xintc_tapp_example.o   -Wl,--start-group,-lxil,-lgcc,-lc,--end-group
'Finished building target: final_project.elf'
' '
'Invoking: MicroBlaze Print Size'
mb-size final_project.elf  |tee "final_project.elf.size"
   text	   data	    bss	    dec	    hex	filename
  33488	   4772	   2876	  41136	   a0b0	final_project.elf
'Finished building: final_project.elf.size'
' '
13:45:03 **** Incremental Build of configuration Debug for project final_project ****
make all 
make: Nothing to be done for `all'.
13:45:52 **** Auto Build of configuration Debug for project final_project ****
make all 
'Building file: ../src/main.c'
'Invoking: MicroBlaze gcc compiler'
mb-gcc -Wall -O0 -g3 -c -fmessage-length=0 -MT"src/main.o" -I../../final_project_bsp/microblaze_0/include -mlittle-endian -mcpu=v10.0 -mxl-soft-mul -Wl,--no-relax -ffunction-sections -fdata-sections -MMD -MP -MF"src/main.d" -MT"src/main.o" -o "src/main.o" "../src/main.c"
In file included from ../src/qpn_port.h:38:0,
                 from ../src/main.c:6:
../../final_project_bsp/microblaze_0/include/xbasic_types.h:115:2: warning: #warning The xbasics_type.h file is deprecated and users should use xil_types.h and xil_assert. [-Wcpp]
 #warning  The xbasics_type.h file is deprecated and users should use xil_types.h and xil_assert.
  ^~~~~~~
../../final_project_bsp/microblaze_0/include/xbasic_types.h:116:2: warning: #warning Please refer the Standalone BSP UG647 for further details [-Wcpp]
 #warning  Please refer the Standalone BSP UG647 for further details
  ^~~~~~~
../src/main.c: In function 'drawCar':
../src/main.c:79:2: warning: implicit declaration of function 'drawVLine' [-Wimplicit-function-declaration]
  drawVLine(x, y+12, 5);
  ^~~~~~~~~
../src/main.c: In function 'drawCoin':
../src/main.c:100:7: warning: unused variable 'old_count2' [-Wunused-variable]
   int old_count2 = count;
       ^~~~~~~~~~
../src/main.c: In function 'waitForStart':
../src/main.c:199:3: warning: implicit declaration of function 'btn_disable' [-Wimplicit-function-declaration]
   btn_disable();
   ^~~~~~~~~~~
../src/main.c:205:3: warning: implicit declaration of function 'btn_enable' [-Wimplicit-function-declaration]
   btn_enable();
   ^~~~~~~~~~
'Finished building: ../src/main.c'
' '
'Building target: final_project.elf'
'Invoking: MicroBlaze gcc linker'
mb-gcc -Wl,-T -Wl,../src/lscript.ld -L../../final_project_bsp/microblaze_0/lib -mlittle-endian -mcpu=v10.0 -mxl-soft-mul -Wl,--no-relax -Wl,--gc-sections -o "final_project.elf"  ./src/bsp.o ./src/fonts.o ./src/lab2a.o ./src/lcd.o ./src/main.o ./src/platform.o ./src/qepn.o ./src/qfn.o ./src/qfn_init.o ./src/timeCount.o ./src/xgpio_intr_tapp_example.o ./src/xgpio_tapp_example.o ./src/xintc_tapp_example.o   -Wl,--start-group,-lxil,-lgcc,-lc,--end-group
'Finished building target: final_project.elf'
' '
'Invoking: MicroBlaze Print Size'
mb-size final_project.elf  |tee "final_project.elf.size"
   text	   data	    bss	    dec	    hex	filename
  33488	   4772	   2876	  41136	   a0b0	final_project.elf
'Finished building: final_project.elf.size'
' '
13:45:53 **** Incremental Build of configuration Debug for project final_project ****
make all 
make: Nothing to be done for `all'.
13:47:12 **** Auto Build of configuration Debug for project final_project ****
make all 
'Building file: ../src/main.c'
'Invoking: MicroBlaze gcc compiler'
mb-gcc -Wall -O0 -g3 -c -fmessage-length=0 -MT"src/main.o" -I../../final_project_bsp/microblaze_0/include -mlittle-endian -mcpu=v10.0 -mxl-soft-mul -Wl,--no-relax -ffunction-sections -fdata-sections -MMD -MP -MF"src/main.d" -MT"src/main.o" -o "src/main.o" "../src/main.c"
In file included from ../src/qpn_port.h:38:0,
                 from ../src/main.c:6:
../../final_project_bsp/microblaze_0/include/xbasic_types.h:115:2: warning: #warning The xbasics_type.h file is deprecated and users should use xil_types.h and xil_assert. [-Wcpp]
 #warning  The xbasics_type.h file is deprecated and users should use xil_types.h and xil_assert.
  ^~~~~~~
../../final_project_bsp/microblaze_0/include/xbasic_types.h:116:2: warning: #warning Please refer the Standalone BSP UG647 for further details [-Wcpp]
 #warning  Please refer the Standalone BSP UG647 for further details
  ^~~~~~~
../src/main.c: In function 'drawCar':
../src/main.c:79:2: warning: implicit declaration of function 'drawVLine' [-Wimplicit-function-declaration]
  drawVLine(x, y+12, 5);
  ^~~~~~~~~
../src/main.c: In function 'drawCoin':
../src/main.c:94:7: warning: unused variable 'old_count2' [-Wunused-variable]
   int old_count2 = count;
       ^~~~~~~~~~
../src/main.c: In function 'waitForStart':
../src/main.c:193:3: warning: implicit declaration of function 'btn_disable' [-Wimplicit-function-declaration]
   btn_disable();
   ^~~~~~~~~~~
../src/main.c:199:3: warning: implicit declaration of function 'btn_enable' [-Wimplicit-function-declaration]
   btn_enable();
   ^~~~~~~~~~
'Finished building: ../src/main.c'
' '
'Building target: final_project.elf'
'Invoking: MicroBlaze gcc linker'
mb-gcc -Wl,-T -Wl,../src/lscript.ld -L../../final_project_bsp/microblaze_0/lib -mlittle-endian -mcpu=v10.0 -mxl-soft-mul -Wl,--no-relax -Wl,--gc-sections -o "final_project.elf"  ./src/bsp.o ./src/fonts.o ./src/lab2a.o ./src/lcd.o ./src/main.o ./src/platform.o ./src/qepn.o ./src/qfn.o ./src/qfn_init.o ./src/timeCount.o ./src/xgpio_intr_tapp_example.o ./src/xgpio_tapp_example.o ./src/xintc_tapp_example.o   -Wl,--start-group,-lxil,-lgcc,-lc,--end-group
'Finished building target: final_project.elf'
' '
'Invoking: MicroBlaze Print Size'
mb-size final_project.elf  |tee "final_project.elf.size"
   text	   data	    bss	    dec	    hex	filename
  33248	   4772	   2876	  40896	   9fc0	final_project.elf
'Finished building: final_project.elf.size'
' '
13:49:13 **** Incremental Build of configuration Debug for project final_project ****
make all 
make: Nothing to be done for `all'.
13:49:43 **** Auto Build of configuration Debug for project final_project ****
make all 
'Building file: ../src/main.c'
'Invoking: MicroBlaze gcc compiler'
mb-gcc -Wall -O0 -g3 -c -fmessage-length=0 -MT"src/main.o" -I../../final_project_bsp/microblaze_0/include -mlittle-endian -mcpu=v10.0 -mxl-soft-mul -Wl,--no-relax -ffunction-sections -fdata-sections -MMD -MP -MF"src/main.d" -MT"src/main.o" -o "src/main.o" "../src/main.c"
In file included from ../src/qpn_port.h:38:0,
                 from ../src/main.c:6:
../../final_project_bsp/microblaze_0/include/xbasic_types.h:115:2: warning: #warning The xbasics_type.h file is deprecated and users should use xil_types.h and xil_assert. [-Wcpp]
 #warning  The xbasics_type.h file is deprecated and users should use xil_types.h and xil_assert.
  ^~~~~~~
../../final_project_bsp/microblaze_0/include/xbasic_types.h:116:2: warning: #warning Please refer the Standalone BSP UG647 for further details [-Wcpp]
 #warning  Please refer the Standalone BSP UG647 for further details
  ^~~~~~~
../src/main.c: In function 'drawCar':
../src/main.c:79:2: warning: implicit declaration of function 'drawVLine' [-Wimplicit-function-declaration]
  drawVLine(x, y+12, 5);
  ^~~~~~~~~
../src/main.c: In function 'drawCoin':
../src/main.c:94:7: warning: unused variable 'old_count2' [-Wunused-variable]
   int old_count2 = count;
       ^~~~~~~~~~
../src/main.c: In function 'waitForStart':
../src/main.c:193:3: warning: implicit declaration of function 'btn_disable' [-Wimplicit-function-declaration]
   btn_disable();
   ^~~~~~~~~~~
../src/main.c:199:3: warning: implicit declaration of function 'btn_enable' [-Wimplicit-function-declaration]
   btn_enable();
   ^~~~~~~~~~
'Finished building: ../src/main.c'
' '
'Building target: final_project.elf'
'Invoking: MicroBlaze gcc linker'
mb-gcc -Wl,-T -Wl,../src/lscript.ld -L../../final_project_bsp/microblaze_0/lib -mlittle-endian -mcpu=v10.0 -mxl-soft-mul -Wl,--no-relax -Wl,--gc-sections -o "final_project.elf"  ./src/bsp.o ./src/fonts.o ./src/lab2a.o ./src/lcd.o ./src/main.o ./src/platform.o ./src/qepn.o ./src/qfn.o ./src/qfn_init.o ./src/timeCount.o ./src/xgpio_intr_tapp_example.o ./src/xgpio_tapp_example.o ./src/xintc_tapp_example.o   -Wl,--start-group,-lxil,-lgcc,-lc,--end-group
'Finished building target: final_project.elf'
' '
'Invoking: MicroBlaze Print Size'
mb-size final_project.elf  |tee "final_project.elf.size"
   text	   data	    bss	    dec	    hex	filename
  33240	   4772	   2876	  40888	   9fb8	final_project.elf
'Finished building: final_project.elf.size'
' '
13:49:44 **** Incremental Build of configuration Debug for project final_project ****
make all 
make: Nothing to be done for `all'.
13:50:17 **** Auto Build of configuration Debug for project final_project ****
make all 
'Building file: ../src/main.c'
'Invoking: MicroBlaze gcc compiler'
mb-gcc -Wall -O0 -g3 -c -fmessage-length=0 -MT"src/main.o" -I../../final_project_bsp/microblaze_0/include -mlittle-endian -mcpu=v10.0 -mxl-soft-mul -Wl,--no-relax -ffunction-sections -fdata-sections -MMD -MP -MF"src/main.d" -MT"src/main.o" -o "src/main.o" "../src/main.c"
In file included from ../src/qpn_port.h:38:0,
                 from ../src/main.c:6:
../../final_project_bsp/microblaze_0/include/xbasic_types.h:115:2: warning: #warning The xbasics_type.h file is deprecated and users should use xil_types.h and xil_assert. [-Wcpp]
 #warning  The xbasics_type.h file is deprecated and users should use xil_types.h and xil_assert.
  ^~~~~~~
../../final_project_bsp/microblaze_0/include/xbasic_types.h:116:2: warning: #warning Please refer the Standalone BSP UG647 for further details [-Wcpp]
 #warning  Please refer the Standalone BSP UG647 for further details
  ^~~~~~~
../src/main.c: In function 'drawCar':
../src/main.c:79:2: warning: implicit declaration of function 'drawVLine' [-Wimplicit-function-declaration]
  drawVLine(x, y+12, 5);
  ^~~~~~~~~
../src/main.c: In function 'drawCoin':
../src/main.c:94:7: warning: unused variable 'old_count2' [-Wunused-variable]
   int old_count2 = count;
       ^~~~~~~~~~
../src/main.c: In function 'waitForStart':
../src/main.c:193:3: warning: implicit declaration of function 'btn_disable' [-Wimplicit-function-declaration]
   btn_disable();
   ^~~~~~~~~~~
../src/main.c:199:3: warning: implicit declaration of function 'btn_enable' [-Wimplicit-function-declaration]
   btn_enable();
   ^~~~~~~~~~
'Finished building: ../src/main.c'
' '
'Building target: final_project.elf'
'Invoking: MicroBlaze gcc linker'
mb-gcc -Wl,-T -Wl,../src/lscript.ld -L../../final_project_bsp/microblaze_0/lib -mlittle-endian -mcpu=v10.0 -mxl-soft-mul -Wl,--no-relax -Wl,--gc-sections -o "final_project.elf"  ./src/bsp.o ./src/fonts.o ./src/lab2a.o ./src/lcd.o ./src/main.o ./src/platform.o ./src/qepn.o ./src/qfn.o ./src/qfn_init.o ./src/timeCount.o ./src/xgpio_intr_tapp_example.o ./src/xgpio_tapp_example.o ./src/xintc_tapp_example.o   -Wl,--start-group,-lxil,-lgcc,-lc,--end-group
'Finished building target: final_project.elf'
' '
'Invoking: MicroBlaze Print Size'
mb-size final_project.elf  |tee "final_project.elf.size"
   text	   data	    bss	    dec	    hex	filename
  33248	   4772	   2876	  40896	   9fc0	final_project.elf
'Finished building: final_project.elf.size'
' '
13:50:18 **** Incremental Build of configuration Debug for project final_project ****
make all 
make: Nothing to be done for `all'.
13:52:09 **** Incremental Build of configuration Debug for project final_project ****
make all 
make: Nothing to be done for `all'.
13:52:27 **** Incremental Build of configuration Debug for project final_project ****
make all 
make: Nothing to be done for `all'.
13:53:13 **** Incremental Build of configuration Debug for project final_project ****
make all 
make: Nothing to be done for `all'.
14:37:33 **** Auto Build of configuration Debug for project final_project ****
make all 
'Building file: ../src/main.c'
'Invoking: MicroBlaze gcc compiler'
mb-gcc -Wall -O0 -g3 -c -fmessage-length=0 -MT"src/main.o" -I../../final_project_bsp/microblaze_0/include -mlittle-endian -mcpu=v10.0 -mxl-soft-mul -Wl,--no-relax -ffunction-sections -fdata-sections -MMD -MP -MF"src/main.d" -MT"src/main.o" -o "src/main.o" "../src/main.c"
In file included from ../src/qpn_port.h:38:0,
                 from ../src/main.c:6:
../../final_project_bsp/microblaze_0/include/xbasic_types.h:115:2: warning: #warning The xbasics_type.h file is deprecated and users should use xil_types.h and xil_assert. [-Wcpp]
 #warning  The xbasics_type.h file is deprecated and users should use xil_types.h and xil_assert.
  ^~~~~~~
../../final_project_bsp/microblaze_0/include/xbasic_types.h:116:2: warning: #warning Please refer the Standalone BSP UG647 for further details [-Wcpp]
 #warning  Please refer the Standalone BSP UG647 for further details
  ^~~~~~~
../src/main.c: In function 'drawCar':
../src/main.c:79:2: warning: implicit declaration of function 'drawVLine' [-Wimplicit-function-declaration]
  drawVLine(x, y+12, 5);
  ^~~~~~~~~
../src/main.c: In function 'drawCoin':
../src/main.c:94:7: warning: unused variable 'old_count2' [-Wunused-variable]
   int old_count2 = count;
       ^~~~~~~~~~
../src/main.c: In function 'waitForStart':
../src/main.c:193:3: warning: implicit declaration of function 'btn_disable' [-Wimplicit-function-declaration]
   btn_disable();
   ^~~~~~~~~~~
../src/main.c:199:3: warning: implicit declaration of function 'btn_enable' [-Wimplicit-function-declaration]
   btn_enable();
   ^~~~~~~~~~
'Finished building: ../src/main.c'
' '
'Building target: final_project.elf'
'Invoking: MicroBlaze gcc linker'
mb-gcc -Wl,-T -Wl,../src/lscript.ld -L../../final_project_bsp/microblaze_0/lib -mlittle-endian -mcpu=v10.0 -mxl-soft-mul -Wl,--no-relax -Wl,--gc-sections -o "final_project.elf"  ./src/bsp.o ./src/fonts.o ./src/lab2a.o ./src/lcd.o ./src/main.o ./src/platform.o ./src/qepn.o ./src/qfn.o ./src/qfn_init.o ./src/timeCount.o ./src/xgpio_intr_tapp_example.o ./src/xgpio_tapp_example.o ./src/xintc_tapp_example.o   -Wl,--start-group,-lxil,-lgcc,-lc,--end-group
'Finished building target: final_project.elf'
' '
'Invoking: MicroBlaze Print Size'
mb-size final_project.elf  |tee "final_project.elf.size"
   text	   data	    bss	    dec	    hex	filename
  33568	   4772	   2876	  41216	   a100	final_project.elf
'Finished building: final_project.elf.size'
' '
14:38:50 **** Incremental Build of configuration Debug for project final_project ****
make all 
make: Nothing to be done for `all'.
14:39:12 **** Incremental Build of configuration Debug for project final_project ****
make all 
make: Nothing to be done for `all'.
14:39:31 **** Incremental Build of configuration Debug for project final_project ****
make all 
make: Nothing to be done for `all'.
14:39:50 **** Incremental Build of configuration Debug for project final_project ****
make all 
make: Nothing to be done for `all'.
14:40:31 **** Incremental Build of configuration Debug for project final_project ****
make all 
make: Nothing to be done for `all'.
14:44:06 **** Auto Build of configuration Debug for project final_project ****
make all 
'Building file: ../src/main.c'
'Invoking: MicroBlaze gcc compiler'
mb-gcc -Wall -O0 -g3 -c -fmessage-length=0 -MT"src/main.o" -I../../final_project_bsp/microblaze_0/include -mlittle-endian -mcpu=v10.0 -mxl-soft-mul -Wl,--no-relax -ffunction-sections -fdata-sections -MMD -MP -MF"src/main.d" -MT"src/main.o" -o "src/main.o" "../src/main.c"
In file included from ../src/qpn_port.h:38:0,
                 from ../src/main.c:6:
../../final_project_bsp/microblaze_0/include/xbasic_types.h:115:2: warning: #warning The xbasics_type.h file is deprecated and users should use xil_types.h and xil_assert. [-Wcpp]
 #warning  The xbasics_type.h file is deprecated and users should use xil_types.h and xil_assert.
  ^~~~~~~
../../final_project_bsp/microblaze_0/include/xbasic_types.h:116:2: warning: #warning Please refer the Standalone BSP UG647 for further details [-Wcpp]
 #warning  Please refer the Standalone BSP UG647 for further details
  ^~~~~~~
../src/main.c: In function 'drawCar':
../src/main.c:79:2: warning: implicit declaration of function 'drawVLine' [-Wimplicit-function-declaration]
  drawVLine(x, y+12, 5);
  ^~~~~~~~~
../src/main.c: In function 'drawCoin':
../src/main.c:94:7: warning: unused variable 'old_count2' [-Wunused-variable]
   int old_count2 = count;
       ^~~~~~~~~~
../src/main.c: In function 'waitForStart':
../src/main.c:193:3: warning: implicit declaration of function 'btn_disable' [-Wimplicit-function-declaration]
   btn_disable();
   ^~~~~~~~~~~
../src/main.c:199:3: warning: implicit declaration of function 'btn_enable' [-Wimplicit-function-declaration]
   btn_enable();
   ^~~~~~~~~~
'Finished building: ../src/main.c'
' '
'Building target: final_project.elf'
'Invoking: MicroBlaze gcc linker'
mb-gcc -Wl,-T -Wl,../src/lscript.ld -L../../final_project_bsp/microblaze_0/lib -mlittle-endian -mcpu=v10.0 -mxl-soft-mul -Wl,--no-relax -Wl,--gc-sections -o "final_project.elf"  ./src/bsp.o ./src/fonts.o ./src/lab2a.o ./src/lcd.o ./src/main.o ./src/platform.o ./src/qepn.o ./src/qfn.o ./src/qfn_init.o ./src/timeCount.o ./src/xgpio_intr_tapp_example.o ./src/xgpio_tapp_example.o ./src/xintc_tapp_example.o   -Wl,--start-group,-lxil,-lgcc,-lc,--end-group
'Finished building target: final_project.elf'
' '
'Invoking: MicroBlaze Print Size'
mb-size final_project.elf  |tee "final_project.elf.size"
   text	   data	    bss	    dec	    hex	filename
  33592	   4772	   2876	  41240	   a118	final_project.elf
'Finished building: final_project.elf.size'
' '
14:44:07 **** Incremental Build of configuration Debug for project final_project ****
make all 
make: Nothing to be done for `all'.
14:45:26 **** Auto Build of configuration Debug for project final_project ****
make all 
'Building file: ../src/main.c'
'Invoking: MicroBlaze gcc compiler'
mb-gcc -Wall -O0 -g3 -c -fmessage-length=0 -MT"src/main.o" -I../../final_project_bsp/microblaze_0/include -mlittle-endian -mcpu=v10.0 -mxl-soft-mul -Wl,--no-relax -ffunction-sections -fdata-sections -MMD -MP -MF"src/main.d" -MT"src/main.o" -o "src/main.o" "../src/main.c"
In file included from ../src/qpn_port.h:38:0,
                 from ../src/main.c:6:
../../final_project_bsp/microblaze_0/include/xbasic_types.h:115:2: warning: #warning The xbasics_type.h file is deprecated and users should use xil_types.h and xil_assert. [-Wcpp]
 #warning  The xbasics_type.h file is deprecated and users should use xil_types.h and xil_assert.
  ^~~~~~~
../../final_project_bsp/microblaze_0/include/xbasic_types.h:116:2: warning: #warning Please refer the Standalone BSP UG647 for further details [-Wcpp]
 #warning  Please refer the Standalone BSP UG647 for further details
  ^~~~~~~
../src/main.c: In function 'drawCar':
../src/main.c:79:2: warning: implicit declaration of function 'drawVLine' [-Wimplicit-function-declaration]
  drawVLine(x, y+12, 5);
  ^~~~~~~~~
../src/main.c: In function 'drawCoin':
../src/main.c:94:7: warning: unused variable 'old_count2' [-Wunused-variable]
   int old_count2 = count;
       ^~~~~~~~~~
../src/main.c: In function 'waitForStart':
../src/main.c:193:3: warning: implicit declaration of function 'btn_disable' [-Wimplicit-function-declaration]
   btn_disable();
   ^~~~~~~~~~~
../src/main.c:199:3: warning: implicit declaration of function 'btn_enable' [-Wimplicit-function-declaration]
   btn_enable();
   ^~~~~~~~~~
'Finished building: ../src/main.c'
' '
'Building target: final_project.elf'
'Invoking: MicroBlaze gcc linker'
mb-gcc -Wl,-T -Wl,../src/lscript.ld -L../../final_project_bsp/microblaze_0/lib -mlittle-endian -mcpu=v10.0 -mxl-soft-mul -Wl,--no-relax -Wl,--gc-sections -o "final_project.elf"  ./src/bsp.o ./src/fonts.o ./src/lab2a.o ./src/lcd.o ./src/main.o ./src/platform.o ./src/qepn.o ./src/qfn.o ./src/qfn_init.o ./src/timeCount.o ./src/xgpio_intr_tapp_example.o ./src/xgpio_tapp_example.o ./src/xintc_tapp_example.o   -Wl,--start-group,-lxil,-lgcc,-lc,--end-group
'Finished building target: final_project.elf'
' '
'Invoking: MicroBlaze Print Size'
mb-size final_project.elf  |tee "final_project.elf.size"
   text	   data	    bss	    dec	    hex	filename
  33592	   4772	   2876	  41240	   a118	final_project.elf
'Finished building: final_project.elf.size'
' '
14:45:27 **** Incremental Build of configuration Debug for project final_project ****
make all 
make: Nothing to be done for `all'.
14:46:20 **** Auto Build of configuration Debug for project final_project ****
make all 
'Building file: ../src/main.c'
'Invoking: MicroBlaze gcc compiler'
mb-gcc -Wall -O0 -g3 -c -fmessage-length=0 -MT"src/main.o" -I../../final_project_bsp/microblaze_0/include -mlittle-endian -mcpu=v10.0 -mxl-soft-mul -Wl,--no-relax -ffunction-sections -fdata-sections -MMD -MP -MF"src/main.d" -MT"src/main.o" -o "src/main.o" "../src/main.c"
In file included from ../src/qpn_port.h:38:0,
                 from ../src/main.c:6:
../../final_project_bsp/microblaze_0/include/xbasic_types.h:115:2: warning: #warning The xbasics_type.h file is deprecated and users should use xil_types.h and xil_assert. [-Wcpp]
 #warning  The xbasics_type.h file is deprecated and users should use xil_types.h and xil_assert.
  ^~~~~~~
../../final_project_bsp/microblaze_0/include/xbasic_types.h:116:2: warning: #warning Please refer the Standalone BSP UG647 for further details [-Wcpp]
 #warning  Please refer the Standalone BSP UG647 for further details
  ^~~~~~~
../src/main.c: In function 'drawCar':
../src/main.c:79:2: warning: implicit declaration of function 'drawVLine' [-Wimplicit-function-declaration]
  drawVLine(x, y+12, 5);
  ^~~~~~~~~
../src/main.c: In function 'drawCoin':
../src/main.c:94:7: warning: unused variable 'old_count2' [-Wunused-variable]
   int old_count2 = count;
       ^~~~~~~~~~
../src/main.c: In function 'waitForStart':
../src/main.c:193:3: warning: implicit declaration of function 'btn_disable' [-Wimplicit-function-declaration]
   btn_disable();
   ^~~~~~~~~~~
../src/main.c:199:3: warning: implicit declaration of function 'btn_enable' [-Wimplicit-function-declaration]
   btn_enable();
   ^~~~~~~~~~
'Finished building: ../src/main.c'
' '
'Building target: final_project.elf'
'Invoking: MicroBlaze gcc linker'
mb-gcc -Wl,-T -Wl,../src/lscript.ld -L../../final_project_bsp/microblaze_0/lib -mlittle-endian -mcpu=v10.0 -mxl-soft-mul -Wl,--no-relax -Wl,--gc-sections -o "final_project.elf"  ./src/bsp.o ./src/fonts.o ./src/lab2a.o ./src/lcd.o ./src/main.o ./src/platform.o ./src/qepn.o ./src/qfn.o ./src/qfn_init.o ./src/timeCount.o ./src/xgpio_intr_tapp_example.o ./src/xgpio_tapp_example.o ./src/xintc_tapp_example.o   -Wl,--start-group,-lxil,-lgcc,-lc,--end-group
'Finished building target: final_project.elf'
' '
'Invoking: MicroBlaze Print Size'
mb-size final_project.elf  |tee "final_project.elf.size"
   text	   data	    bss	    dec	    hex	filename
  33592	   4772	   2876	  41240	   a118	final_project.elf
'Finished building: final_project.elf.size'
' '
14:46:21 **** Incremental Build of configuration Debug for project final_project ****
make all 
make: Nothing to be done for `all'.
14:50:20 **** Incremental Build of configuration Debug for project final_project ****
make all 
make: Nothing to be done for `all'.
14:52:17 **** Auto Build of configuration Debug for project final_project ****
make all 
'Building file: ../src/main.c'
'Invoking: MicroBlaze gcc compiler'
mb-gcc -Wall -O0 -g3 -c -fmessage-length=0 -MT"src/main.o" -I../../final_project_bsp/microblaze_0/include -mlittle-endian -mcpu=v10.0 -mxl-soft-mul -Wl,--no-relax -ffunction-sections -fdata-sections -MMD -MP -MF"src/main.d" -MT"src/main.o" -o "src/main.o" "../src/main.c"
In file included from ../src/qpn_port.h:38:0,
                 from ../src/main.c:6:
../../final_project_bsp/microblaze_0/include/xbasic_types.h:115:2: warning: #warning The xbasics_type.h file is deprecated and users should use xil_types.h and xil_assert. [-Wcpp]
 #warning  The xbasics_type.h file is deprecated and users should use xil_types.h and xil_assert.
  ^~~~~~~
../../final_project_bsp/microblaze_0/include/xbasic_types.h:116:2: warning: #warning Please refer the Standalone BSP UG647 for further details [-Wcpp]
 #warning  Please refer the Standalone BSP UG647 for further details
  ^~~~~~~
../src/main.c: In function 'drawCar':
../src/main.c:79:2: warning: implicit declaration of function 'drawVLine' [-Wimplicit-function-declaration]
  drawVLine(x, y+12, 5);
  ^~~~~~~~~
../src/main.c: In function 'drawCoin':
../src/main.c:94:7: warning: unused variable 'old_count2' [-Wunused-variable]
   int old_count2 = count;
       ^~~~~~~~~~
../src/main.c: In function 'waitForStart':
../src/main.c:193:3: warning: implicit declaration of function 'btn_disable' [-Wimplicit-function-declaration]
   btn_disable();
   ^~~~~~~~~~~
../src/main.c:199:3: warning: implicit declaration of function 'btn_enable' [-Wimplicit-function-declaration]
   btn_enable();
   ^~~~~~~~~~
'Finished building: ../src/main.c'
' '
'Building target: final_project.elf'
'Invoking: MicroBlaze gcc linker'
mb-gcc -Wl,-T -Wl,../src/lscript.ld -L../../final_project_bsp/microblaze_0/lib -mlittle-endian -mcpu=v10.0 -mxl-soft-mul -Wl,--no-relax -Wl,--gc-sections -o "final_project.elf"  ./src/bsp.o ./src/fonts.o ./src/lab2a.o ./src/lcd.o ./src/main.o ./src/platform.o ./src/qepn.o ./src/qfn.o ./src/qfn_init.o ./src/timeCount.o ./src/xgpio_intr_tapp_example.o ./src/xgpio_tapp_example.o ./src/xintc_tapp_example.o   -Wl,--start-group,-lxil,-lgcc,-lc,--end-group
'Finished building target: final_project.elf'
' '
'Invoking: MicroBlaze Print Size'
mb-size final_project.elf  |tee "final_project.elf.size"
   text	   data	    bss	    dec	    hex	filename
  33592	   4772	   2876	  41240	   a118	final_project.elf
'Finished building: final_project.elf.size'
' '
14:52:25 **** Incremental Build of configuration Debug for project final_project ****
make all 
make: Nothing to be done for `all'.
14:55:23 **** Auto Build of configuration Debug for project final_project ****
make all 
'Building file: ../src/bsp.c'
'Invoking: MicroBlaze gcc compiler'
mb-gcc -Wall -O0 -g3 -c -fmessage-length=0 -MT"src/bsp.o" -I../../final_project_bsp/microblaze_0/include -mlittle-endian -mcpu=v10.0 -mxl-soft-mul -Wl,--no-relax -ffunction-sections -fdata-sections -MMD -MP -MF"src/bsp.d" -MT"src/bsp.o" -o "src/bsp.o" "../src/bsp.c"
In file included from ../src/qpn_port.h:38:0,
                 from ../src/bsp.c:7:
../../final_project_bsp/microblaze_0/include/xbasic_types.h:115:2: warning: #warning The xbasics_type.h file is deprecated and users should use xil_types.h and xil_assert. [-Wcpp]
 #warning  The xbasics_type.h file is deprecated and users should use xil_types.h and xil_assert.
  ^~~~~~~
../../final_project_bsp/microblaze_0/include/xbasic_types.h:116:2: warning: #warning Please refer the Standalone BSP UG647 for further details [-Wcpp]
 #warning  Please refer the Standalone BSP UG647 for further details
  ^~~~~~~
../src/bsp.c: In function 'BSP_init':
../src/bsp.c:231:2: warning: implicit declaration of function 'LCD_init' [-Wimplicit-function-declaration]
  LCD_init();
  ^~~~~~~~
../src/bsp.c:235:2: warning: implicit declaration of function 'push_initial' [-Wimplicit-function-declaration]
  push_initial();
  ^~~~~~~~~~~~
../src/bsp.c:236:2: warning: implicit declaration of function 'button_initial' [-Wimplicit-function-declaration]
  button_initial ();
  ^~~~~~~~~~~~~~
../src/bsp.c:237:2: warning: implicit declaration of function 'ssr_initial' [-Wimplicit-function-declaration]
  ssr_initial();
  ^~~~~~~~~~~
../src/bsp.c:238:2: warning: implicit declaration of function 'ssr2_initial' [-Wimplicit-function-declaration]
  ssr2_initial();
  ^~~~~~~~~~~~
../src/bsp.c:239:2: warning: implicit declaration of function 'timeCount_initial' [-Wimplicit-function-declaration]
  timeCount_initial();
  ^~~~~~~~~~~~~~~~~
../src/bsp.c: In function 'QF_onStartup':
../src/bsp.c:261:2: warning: implicit declaration of function 'timeCount_enable' [-Wimplicit-function-declaration]
  timeCount_enable();
  ^~~~~~~~~~~~~~~~
../src/bsp.c: In function 'QF_onIdle':
../src/bsp.c:322:26: warning: implicit declaration of function 'push_disable' [-Wimplicit-function-declaration]
                          push_disable();
                          ^~~~~~~~~~~~
../src/bsp.c:325:26: warning: implicit declaration of function 'push_enable' [-Wimplicit-function-declaration]
                          push_enable();
                          ^~~~~~~~~~~
../src/bsp.c:342:10: warning: suggest parentheses around assignment used as truth value [-Wparentheses]
          else if(down = 1){
          ^~~~
../src/bsp.c:364:21: warning: implicit declaration of function 'btn_disable' [-Wimplicit-function-declaration]
                     btn_disable();
                     ^~~~~~~~~~~
../src/bsp.c:369:21: warning: implicit declaration of function 'btn_enable' [-Wimplicit-function-declaration]
                     btn_enable();
                     ^~~~~~~~~~
../src/bsp.c: In function 'twist_initial':
../src/bsp.c:467:25: warning: implicit declaration of function 'IntcInterruptSetup' [-Wimplicit-function-declaration]
                Status = IntcInterruptSetup(&sys_intc, XPAR_MICROBLAZE_0_AXI_INTC_DEVICE_ID);
                         ^~~~~~~~~~~~~~~~~~
../src/bsp.c:504:23: warning: implicit declaration of function 'GpioIntrExample' [-Wimplicit-function-declaration]
              Status = GpioIntrExample(&sys_intc, &twist, \
                       ^~~~~~~~~~~~~~~
../src/bsp.c:498:18: warning: variable 'Status' set but not used [-Wunused-but-set-variable]
              int Status;
                  ^~~~~~
../src/bsp.c: At top level:
../src/bsp.c:510:6: warning: conflicting types for 'push_initial'
 void push_initial ()
      ^~~~~~~~~~~~
../src/bsp.c:235:2: note: previous implicit declaration of 'push_initial' was here
  push_initial();
  ^~~~~~~~~~~~
../src/bsp.c: In function 'push_initial':
../src/bsp.c:515:2: warning: implicit declaration of function 'GpioInputExample' [-Wimplicit-function-declaration]
  GpioInputExample(XPAR_PUSH_DEVICE_ID, &DataRead);
  ^~~~~~~~~~~~~~~~
../src/bsp.c: At top level:
../src/bsp.c:533:6: warning: conflicting types for 'ssr_initial'
 void ssr_initial ()
      ^~~~~~~~~~~
../src/bsp.c:237:2: note: previous implicit declaration of 'ssr_initial' was here
  ssr_initial();
  ^~~~~~~~~~~
../src/bsp.c:553:6: warning: conflicting types for 'ssr2_initial'
 void ssr2_initial ()
      ^~~~~~~~~~~~
../src/bsp.c:238:2: note: previous implicit declaration of 'ssr2_initial' was here
  ssr2_initial();
  ^~~~~~~~~~~~
../src/bsp.c:593:6: warning: conflicting types for 'push_disable'
 void push_disable()
      ^~~~~~~~~~~~
../src/bsp.c:322:26: note: previous implicit declaration of 'push_disable' was here
                          push_disable();
                          ^~~~~~~~~~~~
../src/bsp.c:598:6: warning: conflicting types for 'push_enable'
 void push_enable()
      ^~~~~~~~~~~
../src/bsp.c:325:26: note: previous implicit declaration of 'push_enable' was here
                          push_enable();
                          ^~~~~~~~~~~
../src/bsp.c:613:6: warning: conflicting types for 'btn_disable'
 void btn_disable()
      ^~~~~~~~~~~
../src/bsp.c:364:21: note: previous implicit declaration of 'btn_disable' was here
                     btn_disable();
                     ^~~~~~~~~~~
../src/bsp.c:618:6: warning: conflicting types for 'btn_enable'
 void btn_enable()
      ^~~~~~~~~~
../src/bsp.c:369:21: note: previous implicit declaration of 'btn_enable' was here
                     btn_enable();
                     ^~~~~~~~~~
../src/bsp.c:622:6: warning: conflicting types for 'LCD_init'
 void LCD_init(void) {
      ^~~~~~~~
../src/bsp.c:231:2: note: previous implicit declaration of 'LCD_init' was here
  LCD_init();
  ^~~~~~~~
In file included from ../../final_project_bsp/microblaze_0/include/xgpio.h:135:0,
                 from ../src/qpn_port.h:34,
                 from ../src/bsp.c:7:
../src/bsp.c: In function 'LCD_init':
../../final_project_bsp/microblaze_0/include/xstatus.h:65:41: warning: 'return' with a value, in function returning void
 #define XST_FAILURE                     1L
                                         ^
../src/bsp.c:626:12: note: in expansion of macro 'XST_FAILURE'
     return XST_FAILURE;
            ^~~~~~~~~~~
../src/bsp.c:622:6: note: declared here
 void LCD_init(void) {
      ^~~~~~~~
In file included from ../../final_project_bsp/microblaze_0/include/xgpio.h:135:0,
                 from ../src/qpn_port.h:34,
                 from ../src/bsp.c:7:
../../final_project_bsp/microblaze_0/include/xstatus.h:66:41: warning: 'return' with a value, in function returning void
 #define XST_DEVICE_NOT_FOUND            2L
                                         ^
../src/bsp.c:642:12: note: in expansion of macro 'XST_DEVICE_NOT_FOUND'
     return XST_DEVICE_NOT_FOUND;
            ^~~~~~~~~~~~~~~~~~~~
../src/bsp.c:622:6: note: declared here
 void LCD_init(void) {
      ^~~~~~~~
In file included from ../../final_project_bsp/microblaze_0/include/xgpio.h:135:0,
                 from ../src/qpn_port.h:34,
                 from ../src/bsp.c:7:
../../final_project_bsp/microblaze_0/include/xstatus.h:65:41: warning: 'return' with a value, in function returning void
 #define XST_FAILURE                     1L
                                         ^
../src/bsp.c:648:12: note: in expansion of macro 'XST_FAILURE'
     return XST_FAILURE;
            ^~~~~~~~~~~
../src/bsp.c:622:6: note: declared here
 void LCD_init(void) {
      ^~~~~~~~
../src/bsp.c: At top level:
../src/bsp.c:673:6: warning: conflicting types for 'button_initial'
 void button_initial ()
      ^~~~~~~~~~~~~~
../src/bsp.c:236:2: note: previous implicit declaration of 'button_initial' was here
  button_initial ();
  ^~~~~~~~~~~~~~
../src/bsp.c:32:14: warning: 'Gpio' defined but not used [-Wunused-variable]
 static XGpio Gpio;
              ^~~~
../src/bsp.c: In function 'twist_initial':
../src/bsp.c:457:12: warning: 'status' is used uninitialized in this function [-Wuninitialized]
         if (status == 0) {
            ^
../src/bsp.c:491:17: warning: 'DataRead' may be used uninitialized in this function [-Wmaybe-uninitialized]
                 xil_printf("GpioInputExample PASSED. Read data:0x%X\r\n", DataRead);
                 ^~~~~~~~~~~~~~~~~~~~~~~~~~~~~~~~~~~~~~~~~~~~~~~~~~~~~~~~~~~~~~~~~~~
'Finished building: ../src/bsp.c'
' '
'Building target: final_project.elf'
'Invoking: MicroBlaze gcc linker'
mb-gcc -Wl,-T -Wl,../src/lscript.ld -L../../final_project_bsp/microblaze_0/lib -mlittle-endian -mcpu=v10.0 -mxl-soft-mul -Wl,--no-relax -Wl,--gc-sections -o "final_project.elf"  ./src/bsp.o ./src/fonts.o ./src/lab2a.o ./src/lcd.o ./src/main.o ./src/platform.o ./src/qepn.o ./src/qfn.o ./src/qfn_init.o ./src/timeCount.o ./src/xgpio_intr_tapp_example.o ./src/xgpio_tapp_example.o ./src/xintc_tapp_example.o   -Wl,--start-group,-lxil,-lgcc,-lc,--end-group
'Finished building target: final_project.elf'
' '
'Invoking: MicroBlaze Print Size'
mb-size final_project.elf  |tee "final_project.elf.size"
   text	   data	    bss	    dec	    hex	filename
  33636	   4772	   2880	  41288	   a148	final_project.elf
'Finished building: final_project.elf.size'
' '
14:55:25 **** Incremental Build of configuration Debug for project final_project ****
make all 
make: Nothing to be done for `all'.
14:57:03 **** Auto Build of configuration Debug for project final_project ****
make all 
'Building file: ../src/bsp.c'
'Invoking: MicroBlaze gcc compiler'
mb-gcc -Wall -O0 -g3 -c -fmessage-length=0 -MT"src/bsp.o" -I../../final_project_bsp/microblaze_0/include -mlittle-endian -mcpu=v10.0 -mxl-soft-mul -Wl,--no-relax -ffunction-sections -fdata-sections -MMD -MP -MF"src/bsp.d" -MT"src/bsp.o" -o "src/bsp.o" "../src/bsp.c"
In file included from ../src/qpn_port.h:38:0,
                 from ../src/bsp.c:7:
../../final_project_bsp/microblaze_0/include/xbasic_types.h:115:2: warning: #warning The xbasics_type.h file is deprecated and users should use xil_types.h and xil_assert. [-Wcpp]
 #warning  The xbasics_type.h file is deprecated and users should use xil_types.h and xil_assert.
  ^~~~~~~
../../final_project_bsp/microblaze_0/include/xbasic_types.h:116:2: warning: #warning Please refer the Standalone BSP UG647 for further details [-Wcpp]
 #warning  Please refer the Standalone BSP UG647 for further details
  ^~~~~~~
../src/bsp.c: In function 'BSP_init':
../src/bsp.c:231:2: warning: implicit declaration of function 'LCD_init' [-Wimplicit-function-declaration]
  LCD_init();
  ^~~~~~~~
../src/bsp.c:235:2: warning: implicit declaration of function 'push_initial' [-Wimplicit-function-declaration]
  push_initial();
  ^~~~~~~~~~~~
../src/bsp.c:236:2: warning: implicit declaration of function 'button_initial' [-Wimplicit-function-declaration]
  button_initial ();
  ^~~~~~~~~~~~~~
../src/bsp.c:237:2: warning: implicit declaration of function 'ssr_initial' [-Wimplicit-function-declaration]
  ssr_initial();
  ^~~~~~~~~~~
../src/bsp.c:238:2: warning: implicit declaration of function 'ssr2_initial' [-Wimplicit-function-declaration]
  ssr2_initial();
  ^~~~~~~~~~~~
../src/bsp.c:239:2: warning: implicit declaration of function 'timeCount_initial' [-Wimplicit-function-declaration]
  timeCount_initial();
  ^~~~~~~~~~~~~~~~~
../src/bsp.c: In function 'QF_onStartup':
../src/bsp.c:261:2: warning: implicit declaration of function 'timeCount_enable' [-Wimplicit-function-declaration]
  timeCount_enable();
  ^~~~~~~~~~~~~~~~
../src/bsp.c: In function 'QF_onIdle':
../src/bsp.c:322:26: warning: implicit declaration of function 'push_disable' [-Wimplicit-function-declaration]
                          push_disable();
                          ^~~~~~~~~~~~
../src/bsp.c:325:26: warning: implicit declaration of function 'push_enable' [-Wimplicit-function-declaration]
                          push_enable();
                          ^~~~~~~~~~~
../src/bsp.c:342:10: warning: suggest parentheses around assignment used as truth value [-Wparentheses]
          else if(down = 1){
          ^~~~
../src/bsp.c:364:21: warning: implicit declaration of function 'btn_disable' [-Wimplicit-function-declaration]
                     btn_disable();
                     ^~~~~~~~~~~
../src/bsp.c:369:21: warning: implicit declaration of function 'btn_enable' [-Wimplicit-function-declaration]
                     btn_enable();
                     ^~~~~~~~~~
../src/bsp.c: In function 'twist_initial':
../src/bsp.c:467:25: warning: implicit declaration of function 'IntcInterruptSetup' [-Wimplicit-function-declaration]
                Status = IntcInterruptSetup(&sys_intc, XPAR_MICROBLAZE_0_AXI_INTC_DEVICE_ID);
                         ^~~~~~~~~~~~~~~~~~
../src/bsp.c:504:23: warning: implicit declaration of function 'GpioIntrExample' [-Wimplicit-function-declaration]
              Status = GpioIntrExample(&sys_intc, &twist, \
                       ^~~~~~~~~~~~~~~
../src/bsp.c:498:18: warning: variable 'Status' set but not used [-Wunused-but-set-variable]
              int Status;
                  ^~~~~~
../src/bsp.c: At top level:
../src/bsp.c:510:6: warning: conflicting types for 'push_initial'
 void push_initial ()
      ^~~~~~~~~~~~
../src/bsp.c:235:2: note: previous implicit declaration of 'push_initial' was here
  push_initial();
  ^~~~~~~~~~~~
../src/bsp.c: In function 'push_initial':
../src/bsp.c:515:2: warning: implicit declaration of function 'GpioInputExample' [-Wimplicit-function-declaration]
  GpioInputExample(XPAR_PUSH_DEVICE_ID, &DataRead);
  ^~~~~~~~~~~~~~~~
../src/bsp.c: At top level:
../src/bsp.c:533:6: warning: conflicting types for 'ssr_initial'
 void ssr_initial ()
      ^~~~~~~~~~~
../src/bsp.c:237:2: note: previous implicit declaration of 'ssr_initial' was here
  ssr_initial();
  ^~~~~~~~~~~
../src/bsp.c:553:6: warning: conflicting types for 'ssr2_initial'
 void ssr2_initial ()
      ^~~~~~~~~~~~
../src/bsp.c:238:2: note: previous implicit declaration of 'ssr2_initial' was here
  ssr2_initial();
  ^~~~~~~~~~~~
../src/bsp.c:593:6: warning: conflicting types for 'push_disable'
 void push_disable()
      ^~~~~~~~~~~~
../src/bsp.c:322:26: note: previous implicit declaration of 'push_disable' was here
                          push_disable();
                          ^~~~~~~~~~~~
../src/bsp.c:598:6: warning: conflicting types for 'push_enable'
 void push_enable()
      ^~~~~~~~~~~
../src/bsp.c:325:26: note: previous implicit declaration of 'push_enable' was here
                          push_enable();
                          ^~~~~~~~~~~
../src/bsp.c:613:6: warning: conflicting types for 'btn_disable'
 void btn_disable()
      ^~~~~~~~~~~
../src/bsp.c:364:21: note: previous implicit declaration of 'btn_disable' was here
                     btn_disable();
                     ^~~~~~~~~~~
../src/bsp.c:618:6: warning: conflicting types for 'btn_enable'
 void btn_enable()
      ^~~~~~~~~~
../src/bsp.c:369:21: note: previous implicit declaration of 'btn_enable' was here
                     btn_enable();
                     ^~~~~~~~~~
../src/bsp.c:622:6: warning: conflicting types for 'LCD_init'
 void LCD_init(void) {
      ^~~~~~~~
../src/bsp.c:231:2: note: previous implicit declaration of 'LCD_init' was here
  LCD_init();
  ^~~~~~~~
In file included from ../../final_project_bsp/microblaze_0/include/xgpio.h:135:0,
                 from ../src/qpn_port.h:34,
                 from ../src/bsp.c:7:
../src/bsp.c: In function 'LCD_init':
../../final_project_bsp/microblaze_0/include/xstatus.h:65:41: warning: 'return' with a value, in function returning void
 #define XST_FAILURE                     1L
                                         ^
../src/bsp.c:626:12: note: in expansion of macro 'XST_FAILURE'
     return XST_FAILURE;
            ^~~~~~~~~~~
../src/bsp.c:622:6: note: declared here
 void LCD_init(void) {
      ^~~~~~~~
In file included from ../../final_project_bsp/microblaze_0/include/xgpio.h:135:0,
                 from ../src/qpn_port.h:34,
                 from ../src/bsp.c:7:
../../final_project_bsp/microblaze_0/include/xstatus.h:66:41: warning: 'return' with a value, in function returning void
 #define XST_DEVICE_NOT_FOUND            2L
                                         ^
../src/bsp.c:642:12: note: in expansion of macro 'XST_DEVICE_NOT_FOUND'
     return XST_DEVICE_NOT_FOUND;
            ^~~~~~~~~~~~~~~~~~~~
../src/bsp.c:622:6: note: declared here
 void LCD_init(void) {
      ^~~~~~~~
In file included from ../../final_project_bsp/microblaze_0/include/xgpio.h:135:0,
                 from ../src/qpn_port.h:34,
                 from ../src/bsp.c:7:
../../final_project_bsp/microblaze_0/include/xstatus.h:65:41: warning: 'return' with a value, in function returning void
 #define XST_FAILURE                     1L
                                         ^
../src/bsp.c:648:12: note: in expansion of macro 'XST_FAILURE'
     return XST_FAILURE;
            ^~~~~~~~~~~
../src/bsp.c:622:6: note: declared here
 void LCD_init(void) {
      ^~~~~~~~
../src/bsp.c: At top level:
../src/bsp.c:673:6: warning: conflicting types for 'button_initial'
 void button_initial ()
      ^~~~~~~~~~~~~~
../src/bsp.c:236:2: note: previous implicit declaration of 'button_initial' was here
  button_initial ();
  ^~~~~~~~~~~~~~
../src/bsp.c:32:14: warning: 'Gpio' defined but not used [-Wunused-variable]
 static XGpio Gpio;
              ^~~~
../src/bsp.c: In function 'twist_initial':
../src/bsp.c:457:12: warning: 'status' is used uninitialized in this function [-Wuninitialized]
         if (status == 0) {
            ^
../src/bsp.c:491:17: warning: 'DataRead' may be used uninitialized in this function [-Wmaybe-uninitialized]
                 xil_printf("GpioInputExample PASSED. Read data:0x%X\r\n", DataRead);
                 ^~~~~~~~~~~~~~~~~~~~~~~~~~~~~~~~~~~~~~~~~~~~~~~~~~~~~~~~~~~~~~~~~~~
'Finished building: ../src/bsp.c'
' '
'Building target: final_project.elf'
'Invoking: MicroBlaze gcc linker'
mb-gcc -Wl,-T -Wl,../src/lscript.ld -L../../final_project_bsp/microblaze_0/lib -mlittle-endian -mcpu=v10.0 -mxl-soft-mul -Wl,--no-relax -Wl,--gc-sections -o "final_project.elf"  ./src/bsp.o ./src/fonts.o ./src/lab2a.o ./src/lcd.o ./src/main.o ./src/platform.o ./src/qepn.o ./src/qfn.o ./src/qfn_init.o ./src/timeCount.o ./src/xgpio_intr_tapp_example.o ./src/xgpio_tapp_example.o ./src/xintc_tapp_example.o   -Wl,--start-group,-lxil,-lgcc,-lc,--end-group
'Finished building target: final_project.elf'
' '
'Invoking: MicroBlaze Print Size'
mb-size final_project.elf  |tee "final_project.elf.size"
   text	   data	    bss	    dec	    hex	filename
  33748	   4772	   2880	  41400	   a1b8	final_project.elf
'Finished building: final_project.elf.size'
' '
14:57:11 **** Auto Build of configuration Debug for project final_project ****
make all 
'Building file: ../src/bsp.c'
'Invoking: MicroBlaze gcc compiler'
mb-gcc -Wall -O0 -g3 -c -fmessage-length=0 -MT"src/bsp.o" -I../../final_project_bsp/microblaze_0/include -mlittle-endian -mcpu=v10.0 -mxl-soft-mul -Wl,--no-relax -ffunction-sections -fdata-sections -MMD -MP -MF"src/bsp.d" -MT"src/bsp.o" -o "src/bsp.o" "../src/bsp.c"
In file included from ../src/qpn_port.h:38:0,
                 from ../src/bsp.c:7:
../../final_project_bsp/microblaze_0/include/xbasic_types.h:115:2: warning: #warning The xbasics_type.h file is deprecated and users should use xil_types.h and xil_assert. [-Wcpp]
 #warning  The xbasics_type.h file is deprecated and users should use xil_types.h and xil_assert.
  ^~~~~~~
../../final_project_bsp/microblaze_0/include/xbasic_types.h:116:2: warning: #warning Please refer the Standalone BSP UG647 for further details [-Wcpp]
 #warning  Please refer the Standalone BSP UG647 for further details
  ^~~~~~~
../src/bsp.c: In function 'BSP_init':
../src/bsp.c:231:2: warning: implicit declaration of function 'LCD_init' [-Wimplicit-function-declaration]
  LCD_init();
  ^~~~~~~~
../src/bsp.c:235:2: warning: implicit declaration of function 'push_initial' [-Wimplicit-function-declaration]
  push_initial();
  ^~~~~~~~~~~~
../src/bsp.c:236:2: warning: implicit declaration of function 'button_initial' [-Wimplicit-function-declaration]
  button_initial ();
  ^~~~~~~~~~~~~~
../src/bsp.c:237:2: warning: implicit declaration of function 'ssr_initial' [-Wimplicit-function-declaration]
  ssr_initial();
  ^~~~~~~~~~~
../src/bsp.c:238:2: warning: implicit declaration of function 'ssr2_initial' [-Wimplicit-function-declaration]
  ssr2_initial();
  ^~~~~~~~~~~~
../src/bsp.c:239:2: warning: implicit declaration of function 'timeCount_initial' [-Wimplicit-function-declaration]
  timeCount_initial();
  ^~~~~~~~~~~~~~~~~
../src/bsp.c: In function 'QF_onStartup':
../src/bsp.c:261:2: warning: implicit declaration of function 'timeCount_enable' [-Wimplicit-function-declaration]
  timeCount_enable();
  ^~~~~~~~~~~~~~~~
../src/bsp.c: In function 'QF_onIdle':
../src/bsp.c:322:26: warning: implicit declaration of function 'push_disable' [-Wimplicit-function-declaration]
                          push_disable();
                          ^~~~~~~~~~~~
../src/bsp.c:325:26: warning: implicit declaration of function 'push_enable' [-Wimplicit-function-declaration]
                          push_enable();
                          ^~~~~~~~~~~
../src/bsp.c:342:10: warning: suggest parentheses around assignment used as truth value [-Wparentheses]
          else if(down = 1){
          ^~~~
../src/bsp.c:364:21: warning: implicit declaration of function 'btn_disable' [-Wimplicit-function-declaration]
                     btn_disable();
                     ^~~~~~~~~~~
../src/bsp.c:369:21: warning: implicit declaration of function 'btn_enable' [-Wimplicit-function-declaration]
                     btn_enable();
                     ^~~~~~~~~~
../src/bsp.c: In function 'twist_initial':
../src/bsp.c:467:25: warning: implicit declaration of function 'IntcInterruptSetup' [-Wimplicit-function-declaration]
                Status = IntcInterruptSetup(&sys_intc, XPAR_MICROBLAZE_0_AXI_INTC_DEVICE_ID);
                         ^~~~~~~~~~~~~~~~~~
../src/bsp.c:504:23: warning: implicit declaration of function 'GpioIntrExample' [-Wimplicit-function-declaration]
              Status = GpioIntrExample(&sys_intc, &twist, \
                       ^~~~~~~~~~~~~~~
../src/bsp.c:498:18: warning: variable 'Status' set but not used [-Wunused-but-set-variable]
              int Status;
                  ^~~~~~
../src/bsp.c: At top level:
../src/bsp.c:510:6: warning: conflicting types for 'push_initial'
 void push_initial ()
      ^~~~~~~~~~~~
../src/bsp.c:235:2: note: previous implicit declaration of 'push_initial' was here
  push_initial();
  ^~~~~~~~~~~~
../src/bsp.c: In function 'push_initial':
../src/bsp.c:515:2: warning: implicit declaration of function 'GpioInputExample' [-Wimplicit-function-declaration]
  GpioInputExample(XPAR_PUSH_DEVICE_ID, &DataRead);
  ^~~~~~~~~~~~~~~~
../src/bsp.c: At top level:
../src/bsp.c:533:6: warning: conflicting types for 'ssr_initial'
 void ssr_initial ()
      ^~~~~~~~~~~
../src/bsp.c:237:2: note: previous implicit declaration of 'ssr_initial' was here
  ssr_initial();
  ^~~~~~~~~~~
../src/bsp.c:553:6: warning: conflicting types for 'ssr2_initial'
 void ssr2_initial ()
      ^~~~~~~~~~~~
../src/bsp.c:238:2: note: previous implicit declaration of 'ssr2_initial' was here
  ssr2_initial();
  ^~~~~~~~~~~~
../src/bsp.c:593:6: warning: conflicting types for 'push_disable'
 void push_disable()
      ^~~~~~~~~~~~
../src/bsp.c:322:26: note: previous implicit declaration of 'push_disable' was here
                          push_disable();
                          ^~~~~~~~~~~~
../src/bsp.c:598:6: warning: conflicting types for 'push_enable'
 void push_enable()
      ^~~~~~~~~~~
../src/bsp.c:325:26: note: previous implicit declaration of 'push_enable' was here
                          push_enable();
                          ^~~~~~~~~~~
../src/bsp.c:613:6: warning: conflicting types for 'btn_disable'
 void btn_disable()
      ^~~~~~~~~~~
../src/bsp.c:364:21: note: previous implicit declaration of 'btn_disable' was here
                     btn_disable();
                     ^~~~~~~~~~~
../src/bsp.c:618:6: warning: conflicting types for 'btn_enable'
 void btn_enable()
      ^~~~~~~~~~
../src/bsp.c:369:21: note: previous implicit declaration of 'btn_enable' was here
                     btn_enable();
                     ^~~~~~~~~~
../src/bsp.c:622:6: warning: conflicting types for 'LCD_init'
 void LCD_init(void) {
      ^~~~~~~~
../src/bsp.c:231:2: note: previous implicit declaration of 'LCD_init' was here
  LCD_init();
  ^~~~~~~~
In file included from ../../final_project_bsp/microblaze_0/include/xgpio.h:135:0,
                 from ../src/qpn_port.h:34,
                 from ../src/bsp.c:7:
../src/bsp.c: In function 'LCD_init':
../../final_project_bsp/microblaze_0/include/xstatus.h:65:41: warning: 'return' with a value, in function returning void
 #define XST_FAILURE                     1L
                                         ^
../src/bsp.c:626:12: note: in expansion of macro 'XST_FAILURE'
     return XST_FAILURE;
            ^~~~~~~~~~~
../src/bsp.c:622:6: note: declared here
 void LCD_init(void) {
      ^~~~~~~~
In file included from ../../final_project_bsp/microblaze_0/include/xgpio.h:135:0,
                 from ../src/qpn_port.h:34,
                 from ../src/bsp.c:7:
../../final_project_bsp/microblaze_0/include/xstatus.h:66:41: warning: 'return' with a value, in function returning void
 #define XST_DEVICE_NOT_FOUND            2L
                                         ^
../src/bsp.c:642:12: note: in expansion of macro 'XST_DEVICE_NOT_FOUND'
     return XST_DEVICE_NOT_FOUND;
            ^~~~~~~~~~~~~~~~~~~~
../src/bsp.c:622:6: note: declared here
 void LCD_init(void) {
      ^~~~~~~~
In file included from ../../final_project_bsp/microblaze_0/include/xgpio.h:135:0,
                 from ../src/qpn_port.h:34,
                 from ../src/bsp.c:7:
../../final_project_bsp/microblaze_0/include/xstatus.h:65:41: warning: 'return' with a value, in function returning void
 #define XST_FAILURE                     1L
                                         ^
../src/bsp.c:648:12: note: in expansion of macro 'XST_FAILURE'
     return XST_FAILURE;
            ^~~~~~~~~~~
../src/bsp.c:622:6: note: declared here
 void LCD_init(void) {
      ^~~~~~~~
../src/bsp.c: At top level:
../src/bsp.c:673:6: warning: conflicting types for 'button_initial'
 void button_initial ()
      ^~~~~~~~~~~~~~
../src/bsp.c:236:2: note: previous implicit declaration of 'button_initial' was here
  button_initial ();
  ^~~~~~~~~~~~~~
../src/bsp.c:32:14: warning: 'Gpio' defined but not used [-Wunused-variable]
 static XGpio Gpio;
              ^~~~
../src/bsp.c: In function 'twist_initial':
../src/bsp.c:457:12: warning: 'status' is used uninitialized in this function [-Wuninitialized]
         if (status == 0) {
            ^
../src/bsp.c:491:17: warning: 'DataRead' may be used uninitialized in this function [-Wmaybe-uninitialized]
                 xil_printf("GpioInputExample PASSED. Read data:0x%X\r\n", DataRead);
                 ^~~~~~~~~~~~~~~~~~~~~~~~~~~~~~~~~~~~~~~~~~~~~~~~~~~~~~~~~~~~~~~~~~~
'Finished building: ../src/bsp.c'
' '
'Building target: final_project.elf'
'Invoking: MicroBlaze gcc linker'
mb-gcc -Wl,-T -Wl,../src/lscript.ld -L../../final_project_bsp/microblaze_0/lib -mlittle-endian -mcpu=v10.0 -mxl-soft-mul -Wl,--no-relax -Wl,--gc-sections -o "final_project.elf"  ./src/bsp.o ./src/fonts.o ./src/lab2a.o ./src/lcd.o ./src/main.o ./src/platform.o ./src/qepn.o ./src/qfn.o ./src/qfn_init.o ./src/timeCount.o ./src/xgpio_intr_tapp_example.o ./src/xgpio_tapp_example.o ./src/xintc_tapp_example.o   -Wl,--start-group,-lxil,-lgcc,-lc,--end-group
'Finished building target: final_project.elf'
' '
'Invoking: MicroBlaze Print Size'
mb-size final_project.elf  |tee "final_project.elf.size"
   text	   data	    bss	    dec	    hex	filename
  33704	   4772	   2876	  41352	   a188	final_project.elf
'Finished building: final_project.elf.size'
' '
14:57:12 **** Incremental Build of configuration Debug for project final_project ****
make all 
make: Nothing to be done for `all'.
14:57:55 **** Auto Build of configuration Debug for project final_project ****
make all 
'Building file: ../src/main.c'
'Invoking: MicroBlaze gcc compiler'
mb-gcc -Wall -O0 -g3 -c -fmessage-length=0 -MT"src/main.o" -I../../final_project_bsp/microblaze_0/include -mlittle-endian -mcpu=v10.0 -mxl-soft-mul -Wl,--no-relax -ffunction-sections -fdata-sections -MMD -MP -MF"src/main.d" -MT"src/main.o" -o "src/main.o" "../src/main.c"
In file included from ../src/qpn_port.h:38:0,
                 from ../src/main.c:6:
../../final_project_bsp/microblaze_0/include/xbasic_types.h:115:2: warning: #warning The xbasics_type.h file is deprecated and users should use xil_types.h and xil_assert. [-Wcpp]
 #warning  The xbasics_type.h file is deprecated and users should use xil_types.h and xil_assert.
  ^~~~~~~
../../final_project_bsp/microblaze_0/include/xbasic_types.h:116:2: warning: #warning Please refer the Standalone BSP UG647 for further details [-Wcpp]
 #warning  Please refer the Standalone BSP UG647 for further details
  ^~~~~~~
../src/main.c: In function 'drawCar':
../src/main.c:79:2: warning: implicit declaration of function 'drawVLine' [-Wimplicit-function-declaration]
  drawVLine(x, y+12, 5);
  ^~~~~~~~~
../src/main.c: In function 'drawCoin':
../src/main.c:94:7: warning: unused variable 'old_count2' [-Wunused-variable]
   int old_count2 = count;
       ^~~~~~~~~~
../src/main.c: In function 'waitForStart':
../src/main.c:193:3: warning: implicit declaration of function 'btn_disable' [-Wimplicit-function-declaration]
   btn_disable();
   ^~~~~~~~~~~
../src/main.c:199:3: warning: implicit declaration of function 'btn_enable' [-Wimplicit-function-declaration]
   btn_enable();
   ^~~~~~~~~~
'Finished building: ../src/main.c'
' '
'Building target: final_project.elf'
'Invoking: MicroBlaze gcc linker'
[...]
'Finished building target: final_project.elf'
' '
'Invoking: MicroBlaze Print Size'
mb-size final_project.elf  |tee "final_project.elf.size"
   text	   data	    bss	    dec	    hex	filename
  35504	   4808	   2888	  43200	   a8c0	final_project.elf
'Finished building: final_project.elf.size'
' '
19:33:29 **** Incremental Build of configuration Debug for project final_project ****
make all 
make: Nothing to be done for `all'.
19:42:56 **** Auto Build of configuration Debug for project final_project ****
make all 
'Building file: ../src/bsp.c'
'Invoking: MicroBlaze gcc compiler'
mb-gcc -Wall -O0 -g3 -c -fmessage-length=0 -MT"src/bsp.o" -I../../final_project_bsp/microblaze_0/include -mlittle-endian -mcpu=v10.0 -mxl-soft-mul -Wl,--no-relax -ffunction-sections -fdata-sections -MMD -MP -MF"src/bsp.d" -MT"src/bsp.o" -o "src/bsp.o" "../src/bsp.c"
In file included from ../src/qpn_port.h:38:0,
                 from ../src/bsp.c:7:
../../final_project_bsp/microblaze_0/include/xbasic_types.h:115:2: warning: #warning The xbasics_type.h file is deprecated and users should use xil_types.h and xil_assert. [-Wcpp]
 #warning  The xbasics_type.h file is deprecated and users should use xil_types.h and xil_assert.
  ^~~~~~~
../../final_project_bsp/microblaze_0/include/xbasic_types.h:116:2: warning: #warning Please refer the Standalone BSP UG647 for further details [-Wcpp]
 #warning  Please refer the Standalone BSP UG647 for further details
  ^~~~~~~
../src/bsp.c: In function 'BSP_init':
../src/bsp.c:209:2: warning: implicit declaration of function 'LCD_init' [-Wimplicit-function-declaration]
  LCD_init();
  ^~~~~~~~
../src/bsp.c:213:2: warning: implicit declaration of function 'push_initial' [-Wimplicit-function-declaration]
  push_initial();
  ^~~~~~~~~~~~
../src/bsp.c:214:2: warning: implicit declaration of function 'button_initial' [-Wimplicit-function-declaration]
  button_initial ();
  ^~~~~~~~~~~~~~
../src/bsp.c:215:2: warning: implicit declaration of function 'ssr_initial' [-Wimplicit-function-declaration]
  ssr_initial();
  ^~~~~~~~~~~
../src/bsp.c:216:2: warning: implicit declaration of function 'ssr2_initial' [-Wimplicit-function-declaration]
  ssr2_initial();
  ^~~~~~~~~~~~
../src/bsp.c:217:2: warning: implicit declaration of function 'timeCount_initial' [-Wimplicit-function-declaration]
  timeCount_initial();
  ^~~~~~~~~~~~~~~~~
../src/bsp.c: In function 'QF_onStartup':
../src/bsp.c:239:2: warning: implicit declaration of function 'timeCount_enable' [-Wimplicit-function-declaration]
  timeCount_enable();
  ^~~~~~~~~~~~~~~~
../src/bsp.c: In function 'QF_onIdle':
../src/bsp.c:300:26: warning: implicit declaration of function 'push_disable' [-Wimplicit-function-declaration]
                          push_disable();
                          ^~~~~~~~~~~~
../src/bsp.c:303:26: warning: implicit declaration of function 'push_enable' [-Wimplicit-function-declaration]
                          push_enable();
                          ^~~~~~~~~~~
../src/bsp.c:320:10: warning: suggest parentheses around assignment used as truth value [-Wparentheses]
          else if(down = 1){
          ^~~~
../src/bsp.c:342:21: warning: implicit declaration of function 'btn_disable' [-Wimplicit-function-declaration]
                     btn_disable();
                     ^~~~~~~~~~~
../src/bsp.c:347:21: warning: implicit declaration of function 'btn_enable' [-Wimplicit-function-declaration]
                     btn_enable();
                     ^~~~~~~~~~
../src/bsp.c: In function 'twist_initial':
../src/bsp.c:445:25: warning: implicit declaration of function 'IntcInterruptSetup' [-Wimplicit-function-declaration]
                Status = IntcInterruptSetup(&sys_intc, XPAR_MICROBLAZE_0_AXI_INTC_DEVICE_ID);
                         ^~~~~~~~~~~~~~~~~~
../src/bsp.c:482:23: warning: implicit declaration of function 'GpioIntrExample' [-Wimplicit-function-declaration]
              Status = GpioIntrExample(&sys_intc, &twist, \
                       ^~~~~~~~~~~~~~~
../src/bsp.c:476:18: warning: variable 'Status' set but not used [-Wunused-but-set-variable]
              int Status;
                  ^~~~~~
../src/bsp.c: At top level:
../src/bsp.c:488:6: warning: conflicting types for 'push_initial'
 void push_initial ()
      ^~~~~~~~~~~~
../src/bsp.c:213:2: note: previous implicit declaration of 'push_initial' was here
  push_initial();
  ^~~~~~~~~~~~
../src/bsp.c: In function 'push_initial':
../src/bsp.c:493:2: warning: implicit declaration of function 'GpioInputExample' [-Wimplicit-function-declaration]
  GpioInputExample(XPAR_PUSH_DEVICE_ID, &DataRead);
  ^~~~~~~~~~~~~~~~
../src/bsp.c: At top level:
../src/bsp.c:511:6: warning: conflicting types for 'ssr_initial'
 void ssr_initial ()
      ^~~~~~~~~~~
../src/bsp.c:215:2: note: previous implicit declaration of 'ssr_initial' was here
  ssr_initial();
  ^~~~~~~~~~~
../src/bsp.c:531:6: warning: conflicting types for 'ssr2_initial'
 void ssr2_initial ()
      ^~~~~~~~~~~~
../src/bsp.c:216:2: note: previous implicit declaration of 'ssr2_initial' was here
  ssr2_initial();
  ^~~~~~~~~~~~
../src/bsp.c:571:6: warning: conflicting types for 'push_disable'
 void push_disable()
      ^~~~~~~~~~~~
../src/bsp.c:300:26: note: previous implicit declaration of 'push_disable' was here
                          push_disable();
                          ^~~~~~~~~~~~
../src/bsp.c:576:6: warning: conflicting types for 'push_enable'
 void push_enable()
      ^~~~~~~~~~~
../src/bsp.c:303:26: note: previous implicit declaration of 'push_enable' was here
                          push_enable();
                          ^~~~~~~~~~~
../src/bsp.c:591:6: warning: conflicting types for 'btn_disable'
 void btn_disable()
      ^~~~~~~~~~~
../src/bsp.c:342:21: note: previous implicit declaration of 'btn_disable' was here
                     btn_disable();
                     ^~~~~~~~~~~
../src/bsp.c:596:6: warning: conflicting types for 'btn_enable'
 void btn_enable()
      ^~~~~~~~~~
../src/bsp.c:347:21: note: previous implicit declaration of 'btn_enable' was here
                     btn_enable();
                     ^~~~~~~~~~
../src/bsp.c:600:6: warning: conflicting types for 'LCD_init'
 void LCD_init(void) {
      ^~~~~~~~
../src/bsp.c:209:2: note: previous implicit declaration of 'LCD_init' was here
  LCD_init();
  ^~~~~~~~
In file included from ../../final_project_bsp/microblaze_0/include/xgpio.h:135:0,
                 from ../src/qpn_port.h:34,
                 from ../src/bsp.c:7:
../src/bsp.c: In function 'LCD_init':
../../final_project_bsp/microblaze_0/include/xstatus.h:65:41: warning: 'return' with a value, in function returning void
 #define XST_FAILURE                     1L
                                         ^
../src/bsp.c:604:12: note: in expansion of macro 'XST_FAILURE'
     return XST_FAILURE;
            ^~~~~~~~~~~
../src/bsp.c:600:6: note: declared here
 void LCD_init(void) {
      ^~~~~~~~
In file included from ../../final_project_bsp/microblaze_0/include/xgpio.h:135:0,
                 from ../src/qpn_port.h:34,
                 from ../src/bsp.c:7:
../../final_project_bsp/microblaze_0/include/xstatus.h:66:41: warning: 'return' with a value, in function returning void
 #define XST_DEVICE_NOT_FOUND            2L
                                         ^
../src/bsp.c:620:12: note: in expansion of macro 'XST_DEVICE_NOT_FOUND'
     return XST_DEVICE_NOT_FOUND;
            ^~~~~~~~~~~~~~~~~~~~
../src/bsp.c:600:6: note: declared here
 void LCD_init(void) {
      ^~~~~~~~
In file included from ../../final_project_bsp/microblaze_0/include/xgpio.h:135:0,
                 from ../src/qpn_port.h:34,
                 from ../src/bsp.c:7:
../../final_project_bsp/microblaze_0/include/xstatus.h:65:41: warning: 'return' with a value, in function returning void
 #define XST_FAILURE                     1L
                                         ^
../src/bsp.c:626:12: note: in expansion of macro 'XST_FAILURE'
     return XST_FAILURE;
            ^~~~~~~~~~~
../src/bsp.c:600:6: note: declared here
 void LCD_init(void) {
      ^~~~~~~~
../src/bsp.c: At top level:
../src/bsp.c:651:6: warning: conflicting types for 'button_initial'
 void button_initial ()
      ^~~~~~~~~~~~~~
../src/bsp.c:214:2: note: previous implicit declaration of 'button_initial' was here
  button_initial ();
  ^~~~~~~~~~~~~~
../src/bsp.c:32:14: warning: 'Gpio' defined but not used [-Wunused-variable]
 static XGpio Gpio;
              ^~~~
../src/bsp.c: In function 'twist_initial':
../src/bsp.c:435:12: warning: 'status' is used uninitialized in this function [-Wuninitialized]
         if (status == 0) {
            ^
../src/bsp.c:469:17: warning: 'DataRead' may be used uninitialized in this function [-Wmaybe-uninitialized]
                 xil_printf("GpioInputExample PASSED. Read data:0x%X\r\n", DataRead);
                 ^~~~~~~~~~~~~~~~~~~~~~~~~~~~~~~~~~~~~~~~~~~~~~~~~~~~~~~~~~~~~~~~~~~
'Finished building: ../src/bsp.c'
' '
'Building file: ../src/main.c'
'Invoking: MicroBlaze gcc compiler'
mb-gcc -Wall -O0 -g3 -c -fmessage-length=0 -MT"src/main.o" -I../../final_project_bsp/microblaze_0/include -mlittle-endian -mcpu=v10.0 -mxl-soft-mul -Wl,--no-relax -ffunction-sections -fdata-sections -MMD -MP -MF"src/main.d" -MT"src/main.o" -o "src/main.o" "../src/main.c"
In file included from ../src/qpn_port.h:38:0,
                 from ../src/main.c:6:
../../final_project_bsp/microblaze_0/include/xbasic_types.h:115:2: warning: #warning The xbasics_type.h file is deprecated and users should use xil_types.h and xil_assert. [-Wcpp]
 #warning  The xbasics_type.h file is deprecated and users should use xil_types.h and xil_assert.
  ^~~~~~~
../../final_project_bsp/microblaze_0/include/xbasic_types.h:116:2: warning: #warning Please refer the Standalone BSP UG647 for further details [-Wcpp]
 #warning  Please refer the Standalone BSP UG647 for further details
  ^~~~~~~
../src/main.c: In function 'drawCar':
../src/main.c:83:2: warning: implicit declaration of function 'drawVLine' [-Wimplicit-function-declaration]
  drawVLine(x, y+12, 5);
  ^~~~~~~~~
../src/main.c: In function 'drawCoin':
../src/main.c:101:7: warning: unused variable 'old_count2' [-Wunused-variable]
   int old_count2 = count;
       ^~~~~~~~~~
../src/main.c: In function 'waitForStart':
../src/main.c:203:3: warning: implicit declaration of function 'btn_disable' [-Wimplicit-function-declaration]
   btn_disable();
   ^~~~~~~~~~~
../src/main.c:209:3: warning: implicit declaration of function 'btn_enable' [-Wimplicit-function-declaration]
   btn_enable();
   ^~~~~~~~~~
'Finished building: ../src/main.c'
' '
'Building target: final_project.elf'
'Invoking: MicroBlaze gcc linker'
mb-gcc -Wl,-T -Wl,../src/lscript.ld -L../../final_project_bsp/microblaze_0/lib -mlittle-endian -mcpu=v10.0 -mxl-soft-mul -Wl,--no-relax -Wl,--gc-sections -o "final_project.elf"  ./src/bsp.o ./src/fonts.o ./src/lab2a.o ./src/lcd.o ./src/main.o ./src/platform.o ./src/qepn.o ./src/qfn.o ./src/qfn_init.o ./src/timeCount.o ./src/xgpio_intr_tapp_example.o ./src/xgpio_tapp_example.o ./src/xintc_tapp_example.o   -Wl,--start-group,-lxil,-lgcc,-lc,--end-group
'Finished building target: final_project.elf'
' '
'Invoking: MicroBlaze Print Size'
mb-size final_project.elf  |tee "final_project.elf.size"
   text	   data	    bss	    dec	    hex	filename
  36232	   4808	   2888	  43928	   ab98	final_project.elf
'Finished building: final_project.elf.size'
' '
19:43:00 **** Incremental Build of configuration Debug for project final_project ****
make all 
make: Nothing to be done for `all'.
19:43:39 **** Auto Build of configuration Debug for project final_project ****
make all 
'Building file: ../src/main.c'
'Invoking: MicroBlaze gcc compiler'
mb-gcc -Wall -O0 -g3 -c -fmessage-length=0 -MT"src/main.o" -I../../final_project_bsp/microblaze_0/include -mlittle-endian -mcpu=v10.0 -mxl-soft-mul -Wl,--no-relax -ffunction-sections -fdata-sections -MMD -MP -MF"src/main.d" -MT"src/main.o" -o "src/main.o" "../src/main.c"
In file included from ../src/qpn_port.h:38:0,
                 from ../src/main.c:6:
../../final_project_bsp/microblaze_0/include/xbasic_types.h:115:2: warning: #warning The xbasics_type.h file is deprecated and users should use xil_types.h and xil_assert. [-Wcpp]
 #warning  The xbasics_type.h file is deprecated and users should use xil_types.h and xil_assert.
  ^~~~~~~
../../final_project_bsp/microblaze_0/include/xbasic_types.h:116:2: warning: #warning Please refer the Standalone BSP UG647 for further details [-Wcpp]
 #warning  Please refer the Standalone BSP UG647 for further details
  ^~~~~~~
../src/main.c: In function 'drawCar':
../src/main.c:83:2: warning: implicit declaration of function 'drawVLine' [-Wimplicit-function-declaration]
  drawVLine(x, y+12, 5);
  ^~~~~~~~~
../src/main.c: In function 'drawCoin':
../src/main.c:101:7: warning: unused variable 'old_count2' [-Wunused-variable]
   int old_count2 = count;
       ^~~~~~~~~~
../src/main.c: In function 'waitForStart':
../src/main.c:203:3: warning: implicit declaration of function 'btn_disable' [-Wimplicit-function-declaration]
   btn_disable();
   ^~~~~~~~~~~
../src/main.c:209:3: warning: implicit declaration of function 'btn_enable' [-Wimplicit-function-declaration]
   btn_enable();
   ^~~~~~~~~~
'Finished building: ../src/main.c'
' '
'Building target: final_project.elf'
'Invoking: MicroBlaze gcc linker'
mb-gcc -Wl,-T -Wl,../src/lscript.ld -L../../final_project_bsp/microblaze_0/lib -mlittle-endian -mcpu=v10.0 -mxl-soft-mul -Wl,--no-relax -Wl,--gc-sections -o "final_project.elf"  ./src/bsp.o ./src/fonts.o ./src/lab2a.o ./src/lcd.o ./src/main.o ./src/platform.o ./src/qepn.o ./src/qfn.o ./src/qfn_init.o ./src/timeCount.o ./src/xgpio_intr_tapp_example.o ./src/xgpio_tapp_example.o ./src/xintc_tapp_example.o   -Wl,--start-group,-lxil,-lgcc,-lc,--end-group
'Finished building target: final_project.elf'
' '
'Invoking: MicroBlaze Print Size'
mb-size final_project.elf  |tee "final_project.elf.size"
   text	   data	    bss	    dec	    hex	filename
  36232	   4808	   2888	  43928	   ab98	final_project.elf
'Finished building: final_project.elf.size'
' '
19:43:44 **** Incremental Build of configuration Debug for project final_project ****
make all 
make: Nothing to be done for `all'.
19:44:25 **** Auto Build of configuration Debug for project final_project ****
make all 
'Building file: ../src/main.c'
'Invoking: MicroBlaze gcc compiler'
mb-gcc -Wall -O0 -g3 -c -fmessage-length=0 -MT"src/main.o" -I../../final_project_bsp/microblaze_0/include -mlittle-endian -mcpu=v10.0 -mxl-soft-mul -Wl,--no-relax -ffunction-sections -fdata-sections -MMD -MP -MF"src/main.d" -MT"src/main.o" -o "src/main.o" "../src/main.c"
In file included from ../src/qpn_port.h:38:0,
                 from ../src/main.c:6:
../../final_project_bsp/microblaze_0/include/xbasic_types.h:115:2: warning: #warning The xbasics_type.h file is deprecated and users should use xil_types.h and xil_assert. [-Wcpp]
 #warning  The xbasics_type.h file is deprecated and users should use xil_types.h and xil_assert.
  ^~~~~~~
../../final_project_bsp/microblaze_0/include/xbasic_types.h:116:2: warning: #warning Please refer the Standalone BSP UG647 for further details [-Wcpp]
 #warning  Please refer the Standalone BSP UG647 for further details
  ^~~~~~~
../src/main.c: In function 'drawCar':
../src/main.c:83:2: warning: implicit declaration of function 'drawVLine' [-Wimplicit-function-declaration]
  drawVLine(x, y+12, 5);
  ^~~~~~~~~
../src/main.c: In function 'drawCoin':
../src/main.c:101:7: warning: unused variable 'old_count2' [-Wunused-variable]
   int old_count2 = count;
       ^~~~~~~~~~
../src/main.c: In function 'waitForStart':
../src/main.c:203:3: warning: implicit declaration of function 'btn_disable' [-Wimplicit-function-declaration]
   btn_disable();
   ^~~~~~~~~~~
../src/main.c:209:3: warning: implicit declaration of function 'btn_enable' [-Wimplicit-function-declaration]
   btn_enable();
   ^~~~~~~~~~
'Finished building: ../src/main.c'
' '
'Building target: final_project.elf'
'Invoking: MicroBlaze gcc linker'
mb-gcc -Wl,-T -Wl,../src/lscript.ld -L../../final_project_bsp/microblaze_0/lib -mlittle-endian -mcpu=v10.0 -mxl-soft-mul -Wl,--no-relax -Wl,--gc-sections -o "final_project.elf"  ./src/bsp.o ./src/fonts.o ./src/lab2a.o ./src/lcd.o ./src/main.o ./src/platform.o ./src/qepn.o ./src/qfn.o ./src/qfn_init.o ./src/timeCount.o ./src/xgpio_intr_tapp_example.o ./src/xgpio_tapp_example.o ./src/xintc_tapp_example.o   -Wl,--start-group,-lxil,-lgcc,-lc,--end-group
'Finished building target: final_project.elf'
' '
'Invoking: MicroBlaze Print Size'
mb-size final_project.elf  |tee "final_project.elf.size"
   text	   data	    bss	    dec	    hex	filename
  36232	   4808	   2888	  43928	   ab98	final_project.elf
'Finished building: final_project.elf.size'
' '
19:44:34 **** Incremental Build of configuration Debug for project final_project ****
make all 
make: Nothing to be done for `all'.
19:48:02 **** Auto Build of configuration Debug for project final_project ****
make all 
'Building file: ../src/main.c'
'Invoking: MicroBlaze gcc compiler'
mb-gcc -Wall -O0 -g3 -c -fmessage-length=0 -MT"src/main.o" -I../../final_project_bsp/microblaze_0/include -mlittle-endian -mcpu=v10.0 -mxl-soft-mul -Wl,--no-relax -ffunction-sections -fdata-sections -MMD -MP -MF"src/main.d" -MT"src/main.o" -o "src/main.o" "../src/main.c"
In file included from ../src/qpn_port.h:38:0,
                 from ../src/main.c:6:
../../final_project_bsp/microblaze_0/include/xbasic_types.h:115:2: warning: #warning The xbasics_type.h file is deprecated and users should use xil_types.h and xil_assert. [-Wcpp]
 #warning  The xbasics_type.h file is deprecated and users should use xil_types.h and xil_assert.
  ^~~~~~~
../../final_project_bsp/microblaze_0/include/xbasic_types.h:116:2: warning: #warning Please refer the Standalone BSP UG647 for further details [-Wcpp]
 #warning  Please refer the Standalone BSP UG647 for further details
  ^~~~~~~
../src/main.c: In function 'drawCar':
../src/main.c:83:2: warning: implicit declaration of function 'drawVLine' [-Wimplicit-function-declaration]
  drawVLine(x, y+12, 5);
  ^~~~~~~~~
../src/main.c: In function 'drawCoin':
../src/main.c:101:7: warning: unused variable 'old_count2' [-Wunused-variable]
   int old_count2 = count;
       ^~~~~~~~~~
../src/main.c: In function 'waitForStart':
../src/main.c:203:3: warning: implicit declaration of function 'btn_disable' [-Wimplicit-function-declaration]
   btn_disable();
   ^~~~~~~~~~~
../src/main.c:209:3: warning: implicit declaration of function 'btn_enable' [-Wimplicit-function-declaration]
   btn_enable();
   ^~~~~~~~~~
'Finished building: ../src/main.c'
' '
'Building target: final_project.elf'
'Invoking: MicroBlaze gcc linker'
mb-gcc -Wl,-T -Wl,../src/lscript.ld -L../../final_project_bsp/microblaze_0/lib -mlittle-endian -mcpu=v10.0 -mxl-soft-mul -Wl,--no-relax -Wl,--gc-sections -o "final_project.elf"  ./src/bsp.o ./src/fonts.o ./src/lab2a.o ./src/lcd.o ./src/main.o ./src/platform.o ./src/qepn.o ./src/qfn.o ./src/qfn_init.o ./src/timeCount.o ./src/xgpio_intr_tapp_example.o ./src/xgpio_tapp_example.o ./src/xintc_tapp_example.o   -Wl,--start-group,-lxil,-lgcc,-lc,--end-group
'Finished building target: final_project.elf'
' '
'Invoking: MicroBlaze Print Size'
mb-size final_project.elf  |tee "final_project.elf.size"
   text	   data	    bss	    dec	    hex	filename
  36232	   4808	   2888	  43928	   ab98	final_project.elf
'Finished building: final_project.elf.size'
' '
19:48:05 **** Incremental Build of configuration Debug for project final_project ****
make all 
make: Nothing to be done for `all'.
